Archive member included to satisfy reference by file (symbol)

/home/michael/Downloads/MESA/IR_Lock_firmware/irlock_firmware/src/device/gcc/video/src/libfalcon_m4_spifi_drv.a(spifi_rom_api.o)
                              ./src/flash.o (spifi_program)
/home/michael/Downloads/MESA/IR_Lock_firmware/irlock_firmware/src/device/gcc/video/src/libfalcon_m4_spifi_drv.a(falcon_details.o)
                              /home/michael/Downloads/MESA/IR_Lock_firmware/irlock_firmware/src/device/gcc/video/src/libfalcon_m4_spifi_drv.a(spifi_rom_api.o) (pullMISO)
/home/michael/Downloads/MESA/IR_Lock_firmware/irlock_firmware/src/device/gcc/video/src/libfalcon_m4_spifi_drv.a(amic.o)
                              /home/michael/Downloads/MESA/IR_Lock_firmware/irlock_firmware/src/device/gcc/video/src/libfalcon_m4_spifi_drv.a(spifi_rom_api.o) (amic)
/home/michael/Downloads/MESA/IR_Lock_firmware/irlock_firmware/src/device/gcc/video/src/libfalcon_m4_spifi_drv.a(atmel.o)
                              /home/michael/Downloads/MESA/IR_Lock_firmware/irlock_firmware/src/device/gcc/video/src/libfalcon_m4_spifi_drv.a(spifi_rom_api.o) (atm)
/home/michael/Downloads/MESA/IR_Lock_firmware/irlock_firmware/src/device/gcc/video/src/libfalcon_m4_spifi_drv.a(chi.o)
                              /home/michael/Downloads/MESA/IR_Lock_firmware/irlock_firmware/src/device/gcc/video/src/libfalcon_m4_spifi_drv.a(spifi_rom_api.o) (chi)
/home/michael/Downloads/MESA/IR_Lock_firmware/irlock_firmware/src/device/gcc/video/src/libfalcon_m4_spifi_drv.a(eon.o)
                              /home/michael/Downloads/MESA/IR_Lock_firmware/irlock_firmware/src/device/gcc/video/src/libfalcon_m4_spifi_drv.a(spifi_rom_api.o) (eon)
/home/michael/Downloads/MESA/IR_Lock_firmware/irlock_firmware/src/device/gcc/video/src/libfalcon_m4_spifi_drv.a(esmt.o)
                              /home/michael/Downloads/MESA/IR_Lock_firmware/irlock_firmware/src/device/gcc/video/src/libfalcon_m4_spifi_drv.a(spifi_rom_api.o) (esmt)
/home/michael/Downloads/MESA/IR_Lock_firmware/irlock_firmware/src/device/gcc/video/src/libfalcon_m4_spifi_drv.a(giga.o)
                              /home/michael/Downloads/MESA/IR_Lock_firmware/irlock_firmware/src/device/gcc/video/src/libfalcon_m4_spifi_drv.a(spifi_rom_api.o) (giga)
/home/michael/Downloads/MESA/IR_Lock_firmware/irlock_firmware/src/device/gcc/video/src/libfalcon_m4_spifi_drv.a(macronix.o)
                              /home/michael/Downloads/MESA/IR_Lock_firmware/irlock_firmware/src/device/gcc/video/src/libfalcon_m4_spifi_drv.a(spifi_rom_api.o) (mxic)
/home/michael/Downloads/MESA/IR_Lock_firmware/irlock_firmware/src/device/gcc/video/src/libfalcon_m4_spifi_drv.a(numonyx.o)
                              /home/michael/Downloads/MESA/IR_Lock_firmware/irlock_firmware/src/device/gcc/video/src/libfalcon_m4_spifi_drv.a(spifi_rom_api.o) (numo)
/home/michael/Downloads/MESA/IR_Lock_firmware/irlock_firmware/src/device/gcc/video/src/libfalcon_m4_spifi_drv.a(spansion.o)
                              /home/michael/Downloads/MESA/IR_Lock_firmware/irlock_firmware/src/device/gcc/video/src/libfalcon_m4_spifi_drv.a(spifi_rom_api.o) (span)
/home/michael/Downloads/MESA/IR_Lock_firmware/irlock_firmware/src/device/gcc/video/src/libfalcon_m4_spifi_drv.a(sst.o)
                              /home/michael/Downloads/MESA/IR_Lock_firmware/irlock_firmware/src/device/gcc/video/src/libfalcon_m4_spifi_drv.a(spifi_rom_api.o) (sst)
/home/michael/Downloads/MESA/IR_Lock_firmware/irlock_firmware/src/device/gcc/video/src/libfalcon_m4_spifi_drv.a(winbond.o)
                              /home/michael/Downloads/MESA/IR_Lock_firmware/irlock_firmware/src/device/gcc/video/src/libfalcon_m4_spifi_drv.a(spifi_rom_api.o) (wbd)
/home/michael/Downloads/MESA/IR_Lock_firmware/irlock_firmware/src/device/gcc/pixy_m4/Release/libpixy_m4.a(camera.o)
                              ./src/button.o (cam_setAWB(unsigned char const&))
/home/michael/Downloads/MESA/IR_Lock_firmware/irlock_firmware/src/device/gcc/pixy_m4/Release/libpixy_m4.a(chirp.o)
                              ./src/exec.o (Chirp::connected())
/home/michael/Downloads/MESA/IR_Lock_firmware/irlock_firmware/src/device/gcc/pixy_m4/Release/libpixy_m4.a(led.o)
                              ./src/button.o (led_getMaxCurrent())
/home/michael/Downloads/MESA/IR_Lock_firmware/irlock_firmware/src/device/gcc/pixy_m4/Release/libpixy_m4.a(lpc43xx_cgu.o)
                              ./src/lpc43xx_i2c.o (CGU_GetPCLKFrequency)
/home/michael/Downloads/MESA/IR_Lock_firmware/irlock_firmware/src/device/gcc/pixy_m4/Release/libpixy_m4.a(lpc43xx_scu.o)
                              ./src/analogdig.o (scu_pinmux)
/home/michael/Downloads/MESA/IR_Lock_firmware/irlock_firmware/src/device/gcc/pixy_m4/Release/libpixy_m4.a(lpc43xx_ssp.o)
                              ./src/spi.o (SSP_Init)
/home/michael/Downloads/MESA/IR_Lock_firmware/irlock_firmware/src/device/gcc/pixy_m4/Release/libpixy_m4.a(lpc43xx_uart.o)
                              ./src/uart.o (UART_setBaudRate)
[...]
Memory Configuration

Name             Origin             Length             Attributes
RamLoc128        0x10000000         0x00020000         xrw
RamAHB32         0x20000000         0x00008000         xrw
RamLoc72         0x10080000         0x00012000         xrw
RamAHB16         0x20008000         0x00004000         xrw
RamAHB_ETB16     0x2000c000         0x00004000         xrw
*default*        0x00000000         0xffffffff

Linker script and memory map

LOAD ./src/analogdig.o
LOAD ./src/blob.o
LOAD ./src/blobs.o
LOAD ./src/button.o
LOAD ./src/colorlut.o
LOAD ./src/conncomp.o
LOAD ./src/cr_cpp_config.o
LOAD ./src/cr_start_m0.o
LOAD ./src/cr_startup_lpc43xx.o
LOAD ./src/crp.o
LOAD ./src/exec.o
LOAD ./src/flash.o
LOAD ./src/i2c.o
LOAD ./src/lpc43xx_i2c.o
LOAD ./src/main_m4.o
LOAD ./src/progblobs.o
LOAD ./src/progpt.o
LOAD ./src/progvideo.o
LOAD ./src/qqueue.o
LOAD ./src/serial.o
LOAD ./src/spi.o
LOAD ./src/system_LPC43xx.o
LOAD ./src/uart.o
LOAD /home/michael/Downloads/MESA/IR_Lock_firmware/irlock_firmware/src/device/gcc/m0/Release/m0.axf.o
LOAD /home/michael/Downloads/MESA/IR_Lock_firmware/irlock_firmware/src/device/gcc/video/src/libfalcon_m4_spifi_drv.a
LOAD /home/michael/Downloads/MESA/IR_Lock_firmware/irlock_firmware/src/device/gcc/pixy_m4/Release/libpixy_m4.a
START GROUP
LOAD /usr/local/lpcxpresso_8.2.2_650/lpcxpresso/tools/bin/../lib/gcc/arm-none-eabi/5.4.1/armv7e-m/softfp/libgcc.a
LOAD /usr/local/lpcxpresso_8.2.2_650/lpcxpresso/tools/bin/../lib/gcc/arm-none-eabi/5.4.1/../../../../arm-none-eabi/lib/armv7e-m/softfp/libc.a
LOAD /usr/local/lpcxpresso_8.2.2_650/lpcxpresso/tools/bin/../lib/gcc/arm-none-eabi/5.4.1/../../../../arm-none-eabi/lib/armv7e-m/softfp/libstdc++.a
LOAD /usr/local/lpcxpresso_8.2.2_650/lpcxpresso/tools/bin/../lib/gcc/arm-none-eabi/5.4.1/../../../../arm-none-eabi/lib/armv7e-m/softfp/libm.a
LOAD /usr/local/lpcxpresso_8.2.2_650/lpcxpresso/tools/bin/../lib/gcc/arm-none-eabi/5.4.1/../../../../arm-none-eabi/lib/armv7e-m/softfp/libcr_newlib_nohost.a
LOAD /usr/local/lpcxpresso_8.2.2_650/lpcxpresso/tools/bin/../lib/gcc/arm-none-eabi/5.4.1/armv7e-m/softfp/crti.o
LOAD /usr/local/lpcxpresso_8.2.2_650/lpcxpresso/tools/bin/../lib/gcc/arm-none-eabi/5.4.1/armv7e-m/softfp/crtn.o
LOAD /usr/local/lpcxpresso_8.2.2_650/lpcxpresso/tools/bin/../lib/gcc/arm-none-eabi/5.4.1/armv7e-m/softfp/crtbegin.o
LOAD /usr/local/lpcxpresso_8.2.2_650/lpcxpresso/tools/bin/../lib/gcc/arm-none-eabi/5.4.1/armv7e-m/softfp/crtend.o
END GROUP
                0x10000000                __base_RamLoc128 = 0x10000000
                0x10000000                __base_RAM = 0x10000000
                0x10020000                __top_RamLoc128 = 0x10020000
                0x10020000                __top_RAM = 0x10020000
                0x20000000                __base_RamAHB32 = 0x20000000
                0x20000000                __base_RAM2 = 0x20000000
                0x20008000                __top_RamAHB32 = 0x20008000
                0x20008000                __top_RAM2 = 0x20008000
                0x10080000                __base_RamLoc72 = 0x10080000
                0x10080000                __base_RAM3 = 0x10080000
                0x10092000                __top_RamLoc72 = 0x10092000
                0x10092000                __top_RAM3 = 0x10092000
                0x20008000                __base_RamAHB16 = 0x20008000
                0x20008000                __base_RAM4 = 0x20008000
                0x2000c000                __top_RamAHB16 = 0x2000c000
                0x2000c000                __top_RAM4 = 0x2000c000
                0x2000c000                __base_RamAHB_ETB16 = 0x2000c000
                0x2000c000                __base_RAM5 = 0x2000c000
                0x20010000                __top_RamAHB_ETB16 = 0x20010000
                0x20010000                __top_RAM5 = 0x20010000
START GROUP
LOAD /usr/local/lpcxpresso_8.2.2_650/lpcxpresso/tools/bin/../lib/gcc/arm-none-eabi/5.4.1/../../../../arm-none-eabi/lib/armv7e-m/softfp/libcr_nohost.a
LOAD /usr/local/lpcxpresso_8.2.2_650/lpcxpresso/tools/bin/../lib/gcc/arm-none-eabi/5.4.1/armv7e-m/softfp/libcr_eabihelpers.a
END GROUP

.text           0x10000000    0x15b28
 FILL mask 0xff
                0x10000000                __vectors_start__ = ABSOLUTE (.)
 *(.isr_vector)
 .isr_vector    0x10000000      0x114 ./src/cr_startup_lpc43xx.o
                0x10000000                g_pfnVectors
                0x10000114                . = ALIGN (0x4)
                0x10000114                __section_table_start = .
                0x10000114                __data_section_table = .
                0x10000114        0x4 LONG 0x10018040 LOADADDR (.data)
                0x10000118        0x4 LONG 0x10018040 ADDR (.data)
                0x1000011c        0x4 LONG 0x908 SIZEOF (.data)
                0x10000120        0x4 LONG 0x10015dc8 LOADADDR (.data_RAM2)
                0x10000124        0x4 LONG 0x20000000 ADDR (.data_RAM2)
                0x10000128        0x4 LONG 0x0 SIZEOF (.data_RAM2)
                0x1000012c        0x4 LONG 0x10015dc8 LOADADDR (.data_RAM3)
                0x10000130        0x4 LONG 0x10080000 ADDR (.data_RAM3)
                0x10000134        0x4 LONG 0x0 SIZEOF (.data_RAM3)
                0x10000138        0x4 LONG 0x10015dc8 LOADADDR (.data_RAM4)
                0x1000013c        0x4 LONG 0x20008000 ADDR (.data_RAM4)
                0x10000140        0x4 LONG 0x2278 SIZEOF (.data_RAM4)
                0x10000144        0x4 LONG 0x10018040 LOADADDR (.data_RAM5)
                0x10000148        0x4 LONG 0x2000c000 ADDR (.data_RAM5)
                0x1000014c        0x4 LONG 0x0 SIZEOF (.data_RAM5)
                0x10000150                __data_section_table_end = .
                0x10000150                __bss_section_table = .
                0x10000150        0x4 LONG 0x10019000 ADDR (.bss)
                0x10000154        0x4 LONG 0xb44 SIZEOF (.bss)
                0x10000158        0x4 LONG 0x20000000 ADDR (.bss_RAM2)
                0x1000015c        0x4 LONG 0x0 SIZEOF (.bss_RAM2)
                0x10000160        0x4 LONG 0x10080000 ADDR (.bss_RAM3)
                0x10000164        0x4 LONG 0x0 SIZEOF (.bss_RAM3)
                0x10000168        0x4 LONG 0x2000a278 ADDR (.bss_RAM4)
                0x1000016c        0x4 LONG 0x0 SIZEOF (.bss_RAM4)
                0x10000170        0x4 LONG 0x2000c000 ADDR (.bss_RAM5)
                0x10000174        0x4 LONG 0x0 SIZEOF (.bss_RAM5)
                0x10000178                __bss_section_table_end = .
                0x10000178                __section_table_end = .
 *(.after_vectors*)
 .after_vectors
                0x10000178       0x3e ./src/cr_startup_lpc43xx.o
                0x10000178                NMI_Handler
                0x1000017a                HardFault_Handler
                0x1000017c                MemManage_Handler
                0x1000017e                BusFault_Handler
                0x10000180                UsageFault_Handler
                0x10000182                SVC_Handler
                0x10000184                DebugMon_Handler
                0x10000186                PendSV_Handler
                0x10000188                SysTick_Handler
                0x1000018a                TIMER2_IRQHandler
                0x1000018a                RIT_IRQHandler
                0x1000018a                FLASH_EEPROM_IRQHandler
                0x1000018a                SDIO_IRQHandler
                0x1000018a                ATIMER_IRQHandler
                0x1000018a                I2C1_IRQHandler
                0x1000018a                UART1_IRQHandler
                0x1000018a                GPIO5_IRQHandler
                0x1000018a                CAN1_IRQHandler
                0x1000018a                USB1_IRQHandler
                0x1000018a                I2S0_IRQHandler
                0x1000018a                TIMER3_IRQHandler
                0x1000018a                SGPIO_IRQHandler
                0x1000018a                ADC0_IRQHandler
                0x1000018a                GPIO6_IRQHandler
                0x1000018a                IntDefaultHandler
                0x1000018a                GPIO1_IRQHandler
                0x1000018a                SSP0_IRQHandler
                0x1000018a                ADC1_IRQHandler
                0x1000018a                RTC_IRQHandler
                0x1000018a                TIMER0_IRQHandler
                0x1000018a                SPI_IRQHandler
                0x1000018a                LCD_IRQHandler
                0x1000018a                VADC_IRQHandler
                0x1000018a                TIMER1_IRQHandler
                0x1000018a                UART2_IRQHandler
                0x1000018a                GPIO2_IRQHandler
                0x1000018a                I2S1_IRQHandler
                0x1000018a                GPIO3_IRQHandler
                0x1000018a                SCT_IRQHandler
                0x1000018a                WDT_IRQHandler
                0x1000018a                GPIO7_IRQHandler
                0x1000018a                SPIFI_IRQHandler
                0x1000018a                QEI_IRQHandler
                0x1000018a                ETH_IRQHandler
                0x1000018a                CAN0_IRQHandler
                0x1000018a                GINT0_IRQHandler
                0x1000018a                DAC_IRQHandler
                0x1000018a                M0SUB_IRQHandler
                0x1000018a                GPIO0_IRQHandler
                0x1000018a                DMA_IRQHandler
                0x1000018a                EVRT_IRQHandler
                0x1000018a                UART3_IRQHandler
                0x1000018a                MCPWM_IRQHandler
                0x1000018a                GINT1_IRQHandler
                0x1000018a                GPIO4_IRQHandler
                0x1000018c                data_init(unsigned int, unsigned int, unsigned int)
                0x100001a2                bss_init(unsigned int, unsigned int)
 *(.text*)
 .text._ZN9AnalogDig12setDirectionEb
                0x100001b6        0x4 ./src/analogdig.o
                0x100001b6                AnalogDig::setDirection(bool)
 .text._ZN5CBlob5ResetEv
                0x100001ba       0x40 ./src/blob.o
                0x100001ba                CBlob::Reset()
 .text._ZN5CBlobC2Ev
                0x100001fa       0x16 ./src/blob.o
                0x100001fa                CBlob::CBlob()
                0x100001fa                CBlob::CBlob()
 .text._ZN5CBlob6NewRowEv
                0x10000210       0x2e ./src/blob.o
                0x10000210                CBlob::NewRow()
 .text._ZN5CBlob17UpdateBoundingBoxEiii
                0x1000023e       0x22 ./src/blob.o
                0x1000023e                CBlob::UpdateBoundingBox(int, int, int)
 .text._ZN5CBlob3AddERK8SSegment
                0x10000260       0x90 ./src/blob.o
                0x10000260                CBlob::Add(SSegment const&)
 .text._ZN5CBlob10AssimilateERS_
                0x100002f0       0x54 ./src/blob.o
                0x100002f0                CBlob::Assimilate(CBlob&)
 .text._ZN14CBlobAssembler8EndFrameEv
                0x10000344       0x1c ./src/blob.o
                0x10000344                CBlobAssembler::EndFrame()
 .text._ZN14CBlobAssembler9SplitListEP5CBlobRS1_S2_
                0x10000360       0x1c ./src/blob.o
                0x10000360                CBlobAssembler::SplitList(CBlob*, CBlob*&, CBlob*&)
 .text._ZN14CBlobAssembler10MergeListsERP5CBlobS2_RPS1_i
                0x1000037c       0x52 ./src/blob.o
                0x1000037c                CBlobAssembler::MergeLists(CBlob*&, CBlob*&, CBlob**&, int)
 .text._ZN14CBlobAssembler12SortFinishedEv
                0x100003ce       0x6e ./src/blob.o
                0x100003ce                CBlobAssembler::SortFinished()
 .text._ZN14CBlobAssembler5ResetEv
                0x1000043c       0x28 ./src/blob.o
                0x1000043c                CBlobAssembler::Reset()
 .text._ZN14CBlobAssembler10BlobNewRowEPP5CBlob
                0x10000464       0x32 ./src/blob.o
                0x10000464                CBlobAssembler::BlobNewRow(CBlob**)
 .text._ZN14CBlobAssembler13RewindCurrentEv
                0x10000496       0x20 ./src/blob.o
                0x10000496                CBlobAssembler::RewindCurrent()
 .text._ZN14CBlobAssembler14AdvanceCurrentEv
                0x100004b6       0x10 ./src/blob.o
                0x100004b6                CBlobAssembler::AdvanceCurrent()
 *fill*         0x100004c6        0x2 ff
 .text._ZN14CBlobAssembler3AddERK8SSegment
                0x100004c8       0xc8 ./src/blob.o
                0x100004c8                CBlobAssembler::Add(SSegment const&)
 .text._ZN5Blobs9setParamsEttm
                0x10000590       0x14 ./src/blobs.o
                0x10000590                Blobs::setParams(unsigned short, unsigned short, unsigned long)
 .text._ZN5Blobs6unpackEv
                0x100005a4       0xb0 ./src/blobs.o
                0x100005a4                Blobs::unpack()
 .text._ZN5Blobs10getMaxBlobEt
                0x10000654       0x36 ./src/blobs.o
                0x10000654                Blobs::getMaxBlob(unsigned short)
 .text._ZN5Blobs8getBlobsEPP5BlobAPm
                0x1000068a        0xe ./src/blobs.o
                0x1000068a                Blobs::getBlobs(BlobA**, unsigned long*)
 .text._ZN5Blobs8compressEPtt
                0x10000698       0x46 ./src/blobs.o
                0x10000698                Blobs::compress(unsigned short*, unsigned short)
 .text._ZN5Blobs7combineEPtt
                0x100006de       0xa6 ./src/blobs.o
                0x100006de                Blobs::combine(unsigned short*, unsigned short)
 .text._ZN5Blobs8combine2EPtt
                0x10000784      0x142 ./src/blobs.o
                0x10000784                Blobs::combine2(unsigned short*, unsigned short)
 *fill*         0x100008c6        0x2 ff
 .text._ZN5Blobs7blobifyEv
                0x100008c8      0x10c ./src/blobs.o
                0x100008c8                Blobs::blobify()
 .text._ZN10ColorModelC2Ev
                0x100009d4       0x14 ./src/blobs.o
                0x100009d4                ColorModel::ColorModel()
                0x100009d4                ColorModel::ColorModel()
 .text._ZN5Blobs11generateLUTEhRK6Frame8RK7Point16P10ColorModelP5RectA
                0x100009e8       0x82 ./src/blobs.o
                0x100009e8                Blobs::generateLUT(unsigned char, Frame8 const&, Point16 const&, ColorModel*, RectA*)
 .text._Z16interpolateBayermmmPhRmS0_S0_
                0x10000a6a       0x56 ./src/button.o
                0x10000a6a                interpolateBayer(unsigned long, unsigned long, unsigned long, unsigned char*, unsigned long&, unsigned long&, unsigned long&)
 .text._Z8getColorPhS_S_
                0x10000ac0       0x84 ./src/button.o
                0x10000ac0                getColor(unsigned char*, unsigned char*, unsigned char*)
 .text._Z8saturatePhS_S_
                0x10000b44       0x98 ./src/button.o
                0x10000b44                saturate(unsigned char*, unsigned char*, unsigned char*)
 .text._ZN13ButtonMachine7ledPipeEv
                0x10000bdc       0x68 ./src/button.o
                0x10000bdc                ButtonMachine::ledPipe()
 .text._ZN13ButtonMachine4waitEm
                0x10000c44       0x1c ./src/button.o
                0x10000c44                ButtonMachine::wait(unsigned long)
 .text._ZN13ButtonMachine6setLEDEv.part.1
                0x10000c60       0x30 ./src/button.o
 .text._ZN13ButtonMachine5resetEv
                0x10000c90       0x18 ./src/button.o
                0x10000c90                ButtonMachine::reset()
 .text._ZN13ButtonMachineC2Ev
                0x10000ca8        0xc ./src/button.o
                0x10000ca8                ButtonMachine::ButtonMachine()
                0x10000ca8                ButtonMachine::ButtonMachine()
 .text._ZN13ButtonMachine8flashLEDEh
                0x10000cb4       0x48 ./src/button.o
                0x10000cb4                ButtonMachine::flashLED(unsigned char)
 .text._ZN13ButtonMachine12setSignatureEv
                0x10000cfc       0x70 ./src/button.o
                0x10000cfc                ButtonMachine::setSignature()
 .text._ZN13ButtonMachine6setLEDEv
                0x10000d6c        0xc ./src/button.o
                0x10000d6c                ButtonMachine::setLED()
 .text._ZN13ButtonMachine15handleSignatureEv
                0x10000d78      0x1bc ./src/button.o
                0x10000d78                ButtonMachine::handleSignature()
 .text._ZN13ButtonMachine13selectProgramEi
                0x10000f34       0xbc ./src/button.o
                0x10000f34                ButtonMachine::selectProgram(int)
 .text._Z9maxMallocmPm
                0x10000ff0       0x22 ./src/colorlut.o
                0x10000ff0                maxMalloc(unsigned long, unsigned long*)
 .text._Z8distance6FpointS_
                0x10001012       0x44 ./src/colorlut.o
                0x10001012                distance(Fpoint, Fpoint)
 .text._ZN8ColorLUT3mapERK6Frame8RK5RectA
                0x10001056       0x90 ./src/colorlut.o
                0x10001056                ColorLUT::map(Frame8 const&, RectA const&)
 *fill*         0x100010e6        0x2 ff
 .text._ZN8ColorLUT9tweakMeanEPf
                0x100010e8       0x4c ./src/colorlut.o
                0x100010e8                ColorLUT::tweakMean(float*)
 .text._ZN8ColorLUT4meanEP6Fpoint
                0x10001134       0x98 ./src/colorlut.o
                0x10001134                ColorLUT::mean(Fpoint*)
 .text._ZN8ColorLUT9boundTestEPK4Linef
                0x100011cc       0x60 ./src/colorlut.o
                0x100011cc                ColorLUT::boundTest(Line const*, float)
 .text._ZN8ColorLUT7iterateE4Linef
                0x1000122c       0x74 ./src/colorlut.o
                0x1000122c                ColorLUT::iterate(Line, float)
 .text._ZN8ColorLUT8generateEP10ColorModelRK6Frame8RK5RectA
                0x100012a0      0x358 ./src/colorlut.o
                0x100012a0                ColorLUT::generate(ColorModel*, Frame8 const&, RectA const&)
 .text._ZN8ColorLUT9setBoundsEfff
                0x100015f8        0xa ./src/colorlut.o
                0x100015f8                ColorLUT::setBounds(float, float, float)
 .text._ZN8ColorLUT11checkBoundsEPK10ColorModelPK8HuePixel
                0x10001602       0x7a ./src/colorlut.o
                0x10001602                ColorLUT::checkBounds(ColorModel const*, HuePixel const*)
 .text._ZN8ColorLUT3addEPK10ColorModelh
                0x1000167c       0x58 ./src/colorlut.o
                0x1000167c                ColorLUT::add(ColorModel const*, unsigned char)
 .text._ZN8ColorLUT5clearEh
                0x100016d4       0x20 ./src/colorlut.o
                0x100016d4                ColorLUT::clear(unsigned char)
 .text._ZN8ColorLUT10growRegionEP5RectARK6Frame8RK7Point16
                0x100016f4      0x326 ./src/colorlut.o
                0x100016f4                ColorLUT::growRegion(RectA*, Frame8 const&, Point16 const&)
 *fill*         0x10001a1a        0x2 ff
 .text._Z10cc_loadLutv
                0x10001a1c       0x60 ./src/conncomp.o
                0x10001a1c                cc_loadLut()
 .text._Z13cc_loadParamsv
                0x10001a7c      0x15c ./src/conncomp.o
                0x10001a7c                cc_loadParams()
 .text._Z12cc_sendBlobsP5ChirpPK5BlobAmh
                0x10001bd8       0x44 ./src/conncomp.o
                0x10001bd8                cc_sendBlobs(Chirp*, BlobA const*, unsigned long, unsigned char)
 .text._Z14cc_setSigPointRKhRKtS2_P5Chirp
                0x10001c1c       0xf0 ./src/conncomp.o
                0x10001c1c                cc_setSigPoint(unsigned char const&, unsigned short const&, unsigned short const&, Chirp*)
 .text._Z13ledBrightnesshm
                0x10001d0c       0x4c ./src/conncomp.o
                0x10001d0c                ledBrightness(unsigned char, unsigned long)
 .text._Z9cc_setLEDv
                0x10001d58       0x74 ./src/conncomp.o
                0x10001d58                cc_setLED()
 .text._Znwj    0x10001dcc        0x4 ./src/cr_cpp_config.o
                0x10001dcc                operator new(unsigned int)
 .text._ZdlPv   0x10001dd0        0x4 ./src/cr_cpp_config.o
                0x10001dd0                operator delete(void*)
 .text._ZdaPv   0x10001dd4        0x4 ./src/cr_cpp_config.o
                0x10001dd4                operator delete[](void*)
 .text._ZN9__gnu_cxx27__verbose_terminate_handlerEv
                0x10001dd8        0x2 ./src/cr_cpp_config.o
                0x10001dd8                __gnu_cxx::__verbose_terminate_handler()
 *fill*         0x10001dda        0x2 ff
 .text.cr_start_m0
                0x10001ddc       0xb0 ./src/cr_start_m0.o
                0x10001ddc                cr_start_m0
 .text.ResetISR
                0x10001e8c       0x98 ./src/cr_startup_lpc43xx.o
                0x10001e8c                ResetISR
 .text._Z9exec_stopv
                0x10001f24        0xc ./src/exec.o
                0x10001f24                exec_stop()
 .text._Z8exec_runv
                0x10001f30       0x18 ./src/exec.o
                0x10001f30                exec_run()
 .text._ZL10loadParamsv
                0x10001f48       0x20 ./src/exec.o
 .text._Z12exec_runprogRKh
                0x10001f68       0x5c ./src/exec.o
                0x10001f68                exec_runprog(unsigned char const&)
 .text._Z15exec_runprogArgRKhRKl
                0x10001fc4       0x1c ./src/exec.o
                0x10001fc4                exec_runprogArg(unsigned char const&, long const&)
 .text._Z9exec_listv
                0x10001fe0       0x28 ./src/exec.o
                0x10001fe0                exec_list()
 .text._Z12exec_versionP5Chirp
                0x10002008       0x44 ./src/exec.o
                0x10002008                exec_version(Chirp*)
 .text._Z12exec_runningv
                0x1000204c       0x1c ./src/exec.o
                0x1000204c                exec_running()
 .text._Z9exec_initP5Chirp
                0x10002068       0x6c ./src/exec.o
                0x10002068                exec_init(Chirp*)
 .text._Z12exec_addProgP7Programb
                0x100020d4       0x20 ./src/exec.o
                0x100020d4                exec_addProg(Program*, bool)
 .text._Z10exec_runM0h
                0x100020f4       0x30 ./src/exec.o
                0x100020f4                exec_runM0(unsigned char)
 .text._Z11exec_stopM0v
                0x10002124       0x2c ./src/exec.o
                0x10002124                exec_stopM0()
 .text._Z11exec_selectv
                0x10002150       0x34 ./src/exec.o
                0x10002150                exec_select()
 .text._Z15exec_loadParamsv
                0x10002184       0x1e ./src/exec.o
                0x10002184                exec_loadParams()
 *fill*         0x100021a2        0x2 ff
 .text._Z13exec_periodicv
                0x100021a4       0x2c ./src/exec.o
                0x100021a4                exec_periodic()
 .text._Z9exec_loopv
                0x100021d0       0xb8 ./src/exec.o
                0x100021d0                exec_loop()
 .text._Z11flash_erasemm
                0x10002288       0x74 ./src/flash.o
                0x10002288                flash_erase(unsigned long, unsigned long)
 .text._Z13flash_programmPKhm
                0x100022fc       0x54 ./src/flash.o
                0x100022fc                flash_program(unsigned long, unsigned char const*, unsigned long)
 .text._ZN3I2c12slaveHandlerEv
                0x10002350       0x6c ./src/i2c.o
                0x10002350                I2c::slaveHandler()
 .text.I2C0_IRQHandler
                0x100023bc        0xc ./src/i2c.o
                0x100023bc                I2C0_IRQHandler
 .text._ZN3I2c12setSlaveAddrEh
                0x100023c8       0x1e ./src/i2c.o
                0x100023c8                I2c::setSlaveAddr(unsigned char)
 .text.I2C_SetOwnSlaveAddr
                0x100023e6       0x58 ./src/lpc43xx_i2c.o
                0x100023e6                I2C_SetOwnSlaveAddr
 *fill*         0x1000243e        0x2 ff
 .text.startup.main
                0x10002440       0x44 ./src/main_m4.o
                0x10002440                main
 .text._Z10blobsSetupv
                0x10002484       0x48 ./src/progblobs.o
                0x10002484                blobsSetup()
 .text._Z10handleRecvv
                0x100024cc       0xb4 ./src/progblobs.o
                0x100024cc                handleRecv()
 .text._Z9blobsLoopv
                0x10002580       0x5c ./src/progblobs.o
                0x10002580                blobsLoop()
 .text._ZN9ServoLoop6updateEl
                0x100025dc       0x4c ./src/progpt.o
                0x100025dc                ServoLoop::update(long)
 .text._Z6ptLoopv
                0x10002628       0x78 ./src/progpt.o
                0x10002628                ptLoop()
 .text._ZN9ServoLoop5resetEv
                0x100026a0       0x1a ./src/progpt.o
                0x100026a0                ServoLoop::reset()
 *fill*         0x100026ba        0x2 ff
 .text._Z12ptLoadParamsv
                0x100026bc       0xcc ./src/progpt.o
                0x100026bc                ptLoadParams()
 .text._Z7ptSetupv
                0x10002788       0x50 ./src/progpt.o
                0x10002788                ptSetup()
 .text.startup._GLOBAL__sub_I_g_progPt
                0x100027d8       0x3c ./src/progpt.o
 .text._Z10videoSetupv
                0x10002814       0x10 ./src/progvideo.o
                0x10002814                videoSetup()
 .text._Z15loadColorModelsPh
                0x10002824       0x3c ./src/progvideo.o
                0x10002824                loadColorModels(unsigned char*)
 .text._Z8sendCMV1h
                0x10002860       0xbc ./src/progvideo.o
                0x10002860                sendCMV1(unsigned char)
 .text._Z9videoLoopv
                0x1000291c       0x58 ./src/progvideo.o
                0x1000291c                videoLoop()
 .text._ZN6Qqueue7dequeueEPm
                0x10002974       0x36 ./src/qqueue.o
                0x10002974                Qqueue::dequeue(unsigned long*)
 .text._ZN6Qqueue5flushEv
                0x100029aa       0x20 ./src/qqueue.o
                0x100029aa                Qqueue::flush()
 *fill*         0x100029ca        0x2 ff
 .text._Z16ser_setInterfaceh
                0x100029cc       0x74 ./src/serial.o
                0x100029cc                ser_setInterface(unsigned char)
 .text._Z14ser_loadParamsv
                0x10002a40       0xa8 ./src/serial.o
                0x10002a40                ser_loadParams()
 .text._Z13ser_getSerialv
                0x10002ae8        0xc ./src/serial.o
                0x10002ae8                ser_getSerial()
 .text._ZN3Spi12slaveHandlerEv
                0x10002af4       0xa4 ./src/spi.o
                0x10002af4                Spi::slaveHandler()
 .text.SSP1_IRQHandler
                0x10002b98        0xc ./src/spi.o
                0x10002b98                SSP1_IRQHandler
 .text.SystemInit
                0x10002ba4       0x34 ./src/system_LPC43xx.o
                0x10002ba4                SystemInit
 .text._ZN4Uart10irqHandlerEv
                0x10002bd8       0x8c ./src/uart.o
                0x10002bd8                Uart::irqHandler()
 .text.UART0_IRQHandler
                0x10002c64        0xc ./src/uart.o
                0x10002c64                UART0_IRQHandler
 .text._ZN4Uart11setBaudrateEm
                0x10002c70       0x14 ./src/uart.o
                0x10002c70                Uart::setBaudrate(unsigned long)
 .text          0x10002c84     0x12ec /home/michael/Downloads/MESA/IR_Lock_firmware/irlock_firmware/src/device/gcc/video/src/libfalcon_m4_spifi_drv.a(spifi_rom_api.o)
                0x10002c84                memcpy_spifi_lib
                0x10002cae                memset_spifi_lib
                0x10002cc0                spifi_get_version
                0x10002cc6                read_flash
                0x10002cf8                cmd
                0x10002d0e                all_quad
                0x10002d1e                read04
                0x10002d40                readAd
                0x10002d52                send04
                0x10002d7e                wren
                0x10002d84                wren_send04
                0x10002da0                wren_sendAd
                0x10002dea                cancel_mem_mode
                0x10002e2a                wait_busy
                0x10002f04                write_stat
                0x10002f36                set_mem_mode
                0x10002fc6                setWPSEL
                0x10002ff8                setProtEnts
                0x10003034                getProtBytes
                0x10003050                readProt
                0x100030c0                setSize
                0x100030d6                setDev
                0x10003282                spifi_init
                0x10003454                setProt
                0x10003874                checkAd
                0x100038bc                send_erase_cmd
                0x100038fe                send_prog_cmd
                0x10003916                prog_block
                0x10003a06                ck_erase
                0x10003a1e                ck_setup
                0x10003a34                ck_prog
                0x10003a96                check_block
                0x10003b14                spifi_program
                0x10003d6a                spifi_erase
 .text          0x10003f70      0x160 /home/michael/Downloads/MESA/IR_Lock_firmware/irlock_firmware/src/device/gcc/video/src/libfalcon_m4_spifi_drv.a(falcon_details.o)
                0x10003f70                set_uart
                0x10003fa6                pullMISO
                0x10003fbc                set_spifi_io
                0x10003fd4                set_spifi_clk
 .text          0x100040d0       0xa0 /home/michael/Downloads/MESA/IR_Lock_firmware/irlock_firmware/src/device/gcc/video/src/libfalcon_m4_spifi_drv.a(amic.o)
                0x100040d0                amic
 .text          0x10004170      0x114 /home/michael/Downloads/MESA/IR_Lock_firmware/irlock_firmware/src/device/gcc/video/src/libfalcon_m4_spifi_drv.a(atmel.o)
                0x10004170                atm
 .text          0x10004284       0xdc /home/michael/Downloads/MESA/IR_Lock_firmware/irlock_firmware/src/device/gcc/video/src/libfalcon_m4_spifi_drv.a(chi.o)
                0x10004284                chi
 .text          0x10004360       0xb8 /home/michael/Downloads/MESA/IR_Lock_firmware/irlock_firmware/src/device/gcc/video/src/libfalcon_m4_spifi_drv.a(eon.o)
                0x10004360                eon
 .text          0x10004418       0xbc /home/michael/Downloads/MESA/IR_Lock_firmware/irlock_firmware/src/device/gcc/video/src/libfalcon_m4_spifi_drv.a(esmt.o)
                0x10004418                esmt
 .text          0x100044d4       0xb0 /home/michael/Downloads/MESA/IR_Lock_firmware/irlock_firmware/src/device/gcc/video/src/libfalcon_m4_spifi_drv.a(giga.o)
                0x100044d4                giga
 .text          0x10004584      0x194 /home/michael/Downloads/MESA/IR_Lock_firmware/irlock_firmware/src/device/gcc/video/src/libfalcon_m4_spifi_drv.a(macronix.o)
                0x10004584                mxic
 .text          0x10004718      0x178 /home/michael/Downloads/MESA/IR_Lock_firmware/irlock_firmware/src/device/gcc/video/src/libfalcon_m4_spifi_drv.a(numonyx.o)
                0x10004718                numo_dummies
                0x1000474a                numo
 .text          0x10004890       0xec /home/michael/Downloads/MESA/IR_Lock_firmware/irlock_firmware/src/device/gcc/video/src/libfalcon_m4_spifi_drv.a(spansion.o)
                0x10004890                moreId
                0x100048d2                span
 .text          0x1000497c       0xb8 /home/michael/Downloads/MESA/IR_Lock_firmware/irlock_firmware/src/device/gcc/video/src/libfalcon_m4_spifi_drv.a(sst.o)
                0x1000497c                sst
 .text          0x10004a34       0xfc /home/michael/Downloads/MESA/IR_Lock_firmware/irlock_firmware/src/device/gcc/video/src/libfalcon_m4_spifi_drv.a(winbond.o)
                0x10004a34                wbd_dummies
                0x10004a52                wbd
 .text._Z11cam_getModev
                0x10004b30        0xc /home/michael/Downloads/MESA/IR_Lock_firmware/irlock_firmware/src/device/gcc/pixy_m4/Release/libpixy_m4.a(camera.o)
                0x10004b30                cam_getMode()
 .text._Z10cam_getAWBv
                0x10004b3c        0xc /home/michael/Downloads/MESA/IR_Lock_firmware/irlock_firmware/src/device/gcc/pixy_m4/Release/libpixy_m4.a(camera.o)
                0x10004b3c                cam_getAWB()
 .text._Z10cam_getAECv
                0x10004b48        0xc /home/michael/Downloads/MESA/IR_Lock_firmware/irlock_firmware/src/device/gcc/pixy_m4/Release/libpixy_m4.a(camera.o)
                0x10004b48                cam_getAEC()
 .text._Z17cam_getBrightnessv
                0x10004b54        0xc /home/michael/Downloads/MESA/IR_Lock_firmware/irlock_firmware/src/device/gcc/pixy_m4/Release/libpixy_m4.a(camera.o)
                0x10004b54                cam_getBrightness()
 .text._Z16cam_getLightModev
                0x10004b60        0xc /home/michael/Downloads/MESA/IR_Lock_firmware/irlock_firmware/src/device/gcc/pixy_m4/Release/libpixy_m4.a(camera.o)
                0x10004b60                cam_getLightMode()
 .text._Z10cam_getWBVv
                0x10004b6c       0x2c /home/michael/Downloads/MESA/IR_Lock_firmware/irlock_firmware/src/device/gcc/pixy_m4/Release/libpixy_m4.a(camera.o)
                0x10004b6c                cam_getWBV()
 .text._Z10cam_getECVv
                0x10004b98       0x2c /home/michael/Downloads/MESA/IR_Lock_firmware/irlock_firmware/src/device/gcc/pixy_m4/Release/libpixy_m4.a(camera.o)
                0x10004b98                cam_getECV()
 .text._Z15cam_getRegisterRKh
                0x10004bc4       0x14 /home/michael/Downloads/MESA/IR_Lock_firmware/irlock_firmware/src/device/gcc/pixy_m4/Release/libpixy_m4.a(camera.o)
                0x10004bc4                cam_getRegister(unsigned char const&)
 .text._Z10cam_setWBVRKm
                0x10004bd8       0x30 /home/michael/Downloads/MESA/IR_Lock_firmware/irlock_firmware/src/device/gcc/pixy_m4/Release/libpixy_m4.a(camera.o)
                0x10004bd8                cam_setWBV(unsigned long const&)
 .text._Z10cam_setECVRKm
                0x10004c08       0x30 /home/michael/Downloads/MESA/IR_Lock_firmware/irlock_firmware/src/device/gcc/pixy_m4/Release/libpixy_m4.a(camera.o)
                0x10004c08                cam_setECV(unsigned long const&)
 .text._Z17cam_setBrightnessRKh
                0x10004c38       0x38 /home/michael/Downloads/MESA/IR_Lock_firmware/irlock_firmware/src/device/gcc/pixy_m4/Release/libpixy_m4.a(camera.o)
                0x10004c38                cam_setBrightness(unsigned char const&)
 .text._ZL11cam_setRegsPKhi
                0x10004c70       0x5c /home/michael/Downloads/MESA/IR_Lock_firmware/irlock_firmware/src/device/gcc/pixy_m4/Release/libpixy_m4.a(camera.o)
 .text._Z16cam_setLightModeRKh
                0x10004ccc       0xac /home/michael/Downloads/MESA/IR_Lock_firmware/irlock_firmware/src/device/gcc/pixy_m4/Release/libpixy_m4.a(camera.o)
                0x10004ccc                cam_setLightMode(unsigned char const&)
 .text._Z15cam_testPatternRKh
                0x10004d78       0x30 /home/michael/Downloads/MESA/IR_Lock_firmware/irlock_firmware/src/device/gcc/pixy_m4/Release/libpixy_m4.a(camera.o)
                0x10004d78                cam_testPattern(unsigned char const&)
 .text._Z15cam_setRegisterRKhS0_
                0x10004da8       0x18 /home/michael/Downloads/MESA/IR_Lock_firmware/irlock_firmware/src/device/gcc/pixy_m4/Release/libpixy_m4.a(camera.o)
                0x10004da8                cam_setRegister(unsigned char const&, unsigned char const&)
 .text._Z10cam_setAWBRKh
                0x10004dc0       0x4c /home/michael/Downloads/MESA/IR_Lock_firmware/irlock_firmware/src/device/gcc/pixy_m4/Release/libpixy_m4.a(camera.o)
                0x10004dc0                cam_setAWB(unsigned char const&)
 .text._Z10cam_setAECRKh
                0x10004e0c       0x38 /home/michael/Downloads/MESA/IR_Lock_firmware/irlock_firmware/src/device/gcc/pixy_m4/Release/libpixy_m4.a(camera.o)
                0x10004e0c                cam_setAEC(unsigned char const&)
 .text._Z11cam_setModeRKh
                0x10004e44       0x38 /home/michael/Downloads/MESA/IR_Lock_firmware/irlock_firmware/src/device/gcc/pixy_m4/Release/libpixy_m4.a(camera.o)
                0x10004e44                cam_setMode(unsigned char const&)
 .text._Z12cam_getFramePhmhtttt
                0x10004e7c       0xe4 /home/michael/Downloads/MESA/IR_Lock_firmware/irlock_firmware/src/device/gcc/pixy_m4/Release/libpixy_m4.a(camera.o)
                0x10004e7c                cam_getFrame(unsigned char*, unsigned long, unsigned char, unsigned short, unsigned short, unsigned short, unsigned short)
 .text._Z22cam_getFrameChirpFlagsRKhRKtS2_S2_S2_P5Chirph
                0x10004f60       0x94 /home/michael/Downloads/MESA/IR_Lock_firmware/irlock_firmware/src/device/gcc/pixy_m4/Release/libpixy_m4.a(camera.o)
                0x10004f60                cam_getFrameChirpFlags(unsigned char const&, unsigned short const&, unsigned short const&, unsigned short const&, unsigned short const&, Chirp*, unsigned char)
 .text._Z17cam_getFrameChirpRKhRKtS2_S2_S2_P5Chirp
                0x10004ff4       0x16 /home/michael/Downloads/MESA/IR_Lock_firmware/irlock_firmware/src/device/gcc/pixy_m4/Release/libpixy_m4.a(camera.o)
                0x10004ff4                cam_getFrameChirp(unsigned char const&, unsigned short const&, unsigned short const&, unsigned short const&, unsigned short const&, Chirp*)
 *fill*         0x1000500a        0x2 ff
 .text._Z14cam_loadParamsv
                0x1000500c       0x3c /home/michael/Downloads/MESA/IR_Lock_firmware/irlock_firmware/src/device/gcc/pixy_m4/Release/libpixy_m4.a(camera.o)
                0x1000500c                cam_loadParams()
 .text._Z8cam_initv
                0x10005048       0x7c /home/michael/Downloads/MESA/IR_Lock_firmware/irlock_firmware/src/device/gcc/pixy_m4/Release/libpixy_m4.a(camera.o)
                0x10005048                cam_init()
 .text.startup._GLOBAL__sub_I_g_sccb
                0x100050c4       0x10 /home/michael/Downloads/MESA/IR_Lock_firmware/irlock_firmware/src/device/gcc/pixy_m4/Release/libpixy_m4.a(camera.o)
 .text._ZN5Chirp11handleXdataEPPv
                0x100050d4        0x2 /home/michael/Downloads/MESA/IR_Lock_firmware/irlock_firmware/src/device/gcc/pixy_m4/Release/libpixy_m4.a(chirp.o)
                0x100050d4                Chirp::handleXdata(void**)
 .text._ZN5Chirp4initEb
                0x100050d6        0x4 /home/michael/Downloads/MESA/IR_Lock_firmware/irlock_firmware/src/device/gcc/pixy_m4/Release/libpixy_m4.a(chirp.o)
                0x100050d6                Chirp::init(bool)
 .text._Z9copyAlignPcPKci
                0x100050da       0x12 /home/michael/Downloads/MESA/IR_Lock_firmware/irlock_firmware/src/device/gcc/pixy_m4/Release/libpixy_m4.a(chirp.o)
                0x100050da                copyAlign(char*, char const*, int)
 .text._ZN5Chirp9connectedEv
                0x100050ec        0x6 /home/michael/Downloads/MESA/IR_Lock_firmware/irlock_firmware/src/device/gcc/pixy_m4/Release/libpixy_m4.a(chirp.o)
                0x100050ec                Chirp::connected()
 .text._ZN5Chirp13restoreBufferEv
                0x100050f2        0xc /home/michael/Downloads/MESA/IR_Lock_firmware/irlock_firmware/src/device/gcc/pixy_m4/Release/libpixy_m4.a(chirp.o)
                0x100050f2                Chirp::restoreBuffer()
 .text._ZN5Chirp8loadArgsEPSt9__va_listPPv
                0x100050fe       0x84 /home/michael/Downloads/MESA/IR_Lock_firmware/irlock_firmware/src/device/gcc/pixy_m4/Release/libpixy_m4.a(chirp.o)
                0x100050fe                Chirp::loadArgs(std::__va_list*, void**)
 .text._ZN5Chirp14sendChirpRetryEhs
                0x10005182       0x58 /home/michael/Downloads/MESA/IR_Lock_firmware/irlock_firmware/src/device/gcc/pixy_m4/Release/libpixy_m4.a(chirp.o)
                0x10005182                Chirp::sendChirpRetry(unsigned char, short)
 .text._ZN5Chirp9useBufferEPhm
                0x100051da       0x3e /home/michael/Downloads/MESA/IR_Lock_firmware/irlock_firmware/src/device/gcc/pixy_m4/Release/libpixy_m4.a(chirp.o)
                0x100051da                Chirp::useBuffer(unsigned char*, unsigned long)
 .text._ZN5Chirp12reallocTableEv
                0x10005218       0x44 /home/michael/Downloads/MESA/IR_Lock_firmware/irlock_firmware/src/device/gcc/pixy_m4/Release/libpixy_m4.a(chirp.o)
                0x10005218                Chirp::reallocTable()
 .text._ZN5Chirp11lookupTableEPKc
                0x1000525c       0x2e /home/michael/Downloads/MESA/IR_Lock_firmware/irlock_firmware/src/device/gcc/pixy_m4/Release/libpixy_m4.a(chirp.o)
                0x1000525c                Chirp::lookupTable(char const*)
 .text._ZN5Chirp11updateTableEPKcPFmPS_E
                0x1000528a       0x4a /home/michael/Downloads/MESA/IR_Lock_firmware/irlock_firmware/src/device/gcc/pixy_m4/Release/libpixy_m4.a(chirp.o)
                0x1000528a                Chirp::updateTable(char const*, unsigned long (*)(Chirp*))
 .text._ZN5Chirp7setProcEPKcPFmPS_EP18ProcTableExtension
                0x100052d4       0x20 /home/michael/Downloads/MESA/IR_Lock_firmware/irlock_firmware/src/device/gcc/pixy_m4/Release/libpixy_m4.a(chirp.o)
                0x100052d4                Chirp::setProc(char const*, unsigned long (*)(Chirp*), ProcTableExtension*)
 .text._ZN5Chirp14registerModuleEPK10ProcModule
                0x100052f4       0x22 /home/michael/Downloads/MESA/IR_Lock_firmware/irlock_firmware/src/device/gcc/pixy_m4/Release/libpixy_m4.a(chirp.o)
                0x100052f4                Chirp::registerModule(ProcModule const*)
 .text._ZN5Chirp15handleEnumerateEPcPs
                0x10005316       0x18 /home/michael/Downloads/MESA/IR_Lock_firmware/irlock_firmware/src/device/gcc/pixy_m4/Release/libpixy_m4.a(chirp.o)
                0x10005316                Chirp::handleEnumerate(char*, short*)
 *fill*         0x1000532e        0x2 ff
 .text._ZN5Chirp7reallocEm
                0x10005330       0x44 /home/michael/Downloads/MESA/IR_Lock_firmware/irlock_firmware/src/device/gcc/pixy_m4/Release/libpixy_m4.a(chirp.o)
                0x10005330                Chirp::realloc(unsigned long)
 .text._ZN5Chirp10vserializeEPS_PhmPSt9__va_list
                0x10005374      0x208 /home/michael/Downloads/MESA/IR_Lock_firmware/irlock_firmware/src/device/gcc/pixy_m4/Release/libpixy_m4.a(chirp.o)
                0x10005374                Chirp::vserialize(Chirp*, unsigned char*, unsigned long, std::__va_list*)
 .text._ZN5Chirp9vassembleEPSt9__va_list
                0x1000557c       0x1c /home/michael/Downloads/MESA/IR_Lock_firmware/irlock_firmware/src/device/gcc/pixy_m4/Release/libpixy_m4.a(chirp.o)
                0x1000557c                Chirp::vassemble(std::__va_list*)
 .text._ZN5Chirp8assembleEhz
                0x10005598       0x4e /home/michael/Downloads/MESA/IR_Lock_firmware/irlock_firmware/src/device/gcc/pixy_m4/Release/libpixy_m4.a(chirp.o)
                0x10005598                Chirp::assemble(unsigned char, ...)
 .text._ZN5Chirp10handleInitEPtPh
                0x100055e6       0x48 /home/michael/Downloads/MESA/IR_Lock_firmware/irlock_firmware/src/device/gcc/pixy_m4/Release/libpixy_m4.a(chirp.o)
                0x100055e6                Chirp::handleInit(unsigned short*, unsigned char*)
 .text._ZN5Chirp19handleEnumerateInfoEPs
                0x1000562e       0x64 /home/michael/Downloads/MESA/IR_Lock_firmware/irlock_firmware/src/device/gcc/pixy_m4/Release/libpixy_m4.a(chirp.o)
                0x1000562e                Chirp::handleEnumerateInfo(short*)
 .text._ZN5Chirp11handleChirpEhsPPv
                0x10005692      0x1b8 /home/michael/Downloads/MESA/IR_Lock_firmware/irlock_firmware/src/device/gcc/pixy_m4/Release/libpixy_m4.a(chirp.o)
                0x10005692                Chirp::handleChirp(unsigned char, short, void**)
 .text._ZN5Chirp9serializeEPS_Phmz
                0x1000584a       0x1e /home/michael/Downloads/MESA/IR_Lock_firmware/irlock_firmware/src/device/gcc/pixy_m4/Release/libpixy_m4.a(chirp.o)
                0x1000584a                Chirp::serialize(Chirp*, unsigned char*, unsigned long, ...)
 .text._ZN5Chirp10getArgListEPhmS0_
                0x10005868       0x84 /home/michael/Downloads/MESA/IR_Lock_firmware/irlock_firmware/src/device/gcc/pixy_m4/Release/libpixy_m4.a(chirp.o)
                0x10005868                Chirp::getArgList(unsigned char*, unsigned long, unsigned char*)
 .text._ZN5Chirp16deserializeParseEPhmPPv
                0x100058ec       0xae /home/michael/Downloads/MESA/IR_Lock_firmware/irlock_firmware/src/device/gcc/pixy_m4/Release/libpixy_m4.a(chirp.o)
                0x100058ec                Chirp::deserializeParse(unsigned char*, unsigned long, void**)
 .text._ZN5Chirp12vdeserializeEPhmPSt9__va_list
                0x1000599a       0x1c /home/michael/Downloads/MESA/IR_Lock_firmware/irlock_firmware/src/device/gcc/pixy_m4/Release/libpixy_m4.a(chirp.o)
                0x1000599a                Chirp::vdeserialize(unsigned char*, unsigned long, std::__va_list*)
 .text._ZN5Chirp7calcCrcEPhm
                0x100059b6       0x1a /home/michael/Downloads/MESA/IR_Lock_firmware/irlock_firmware/src/device/gcc/pixy_m4/Release/libpixy_m4.a(chirp.o)
                0x100059b6                Chirp::calcCrc(unsigned char*, unsigned long)
 .text._ZN5Chirp8sendFullEhs
                0x100059d0       0x50 /home/michael/Downloads/MESA/IR_Lock_firmware/irlock_firmware/src/device/gcc/pixy_m4/Release/libpixy_m4.a(chirp.o)
                0x100059d0                Chirp::sendFull(unsigned char, short)
 .text._ZN5Chirp7sendAckEb
                0x10005a20       0x2e /home/michael/Downloads/MESA/IR_Lock_firmware/irlock_firmware/src/device/gcc/pixy_m4/Release/libpixy_m4.a(chirp.o)
                0x10005a20                Chirp::sendAck(bool)
 *fill*         0x10005a4e        0x2 ff
 .text._ZN5Chirp10recvHeaderEPhPsb
                0x10005a50       0xf8 /home/michael/Downloads/MESA/IR_Lock_firmware/irlock_firmware/src/device/gcc/pixy_m4/Release/libpixy_m4.a(chirp.o)
                0x10005a50                Chirp::recvHeader(unsigned char*, short*, bool)
 .text._ZN5Chirp8recvFullEPhPsb
                0x10005b48       0xa0 /home/michael/Downloads/MESA/IR_Lock_firmware/irlock_firmware/src/device/gcc/pixy_m4/Release/libpixy_m4.a(chirp.o)
                0x10005b48                Chirp::recvFull(unsigned char*, short*, bool)
 .text._ZN5Chirp8recvDataEv
                0x10005be8       0xda /home/michael/Downloads/MESA/IR_Lock_firmware/irlock_firmware/src/device/gcc/pixy_m4/Release/libpixy_m4.a(chirp.o)
                0x10005be8                Chirp::recvData()
 .text._ZN5Chirp9recvChirpEPhPsPPvb
                0x10005cc2       0x8c /home/michael/Downloads/MESA/IR_Lock_firmware/irlock_firmware/src/device/gcc/pixy_m4/Release/libpixy_m4.a(chirp.o)
                0x10005cc2                Chirp::recvChirp(unsigned char*, short*, void**, bool)
 .text._ZN5Chirp4callEhsz
                0x10005d4e       0xf0 /home/michael/Downloads/MESA/IR_Lock_firmware/irlock_firmware/src/device/gcc/pixy_m4/Release/libpixy_m4.a(chirp.o)
                0x10005d4e                Chirp::call(unsigned char, short, ...)
 .text._ZN5Chirp7getProcEPKcPFmPS_E
                0x10005e3e       0x40 /home/michael/Downloads/MESA/IR_Lock_firmware/irlock_firmware/src/device/gcc/pixy_m4/Release/libpixy_m4.a(chirp.o)
                0x10005e3e                Chirp::getProc(char const*, unsigned long (*)(Chirp*))
 .text._ZN5Chirp10remoteInitEb
                0x10005e7e       0x50 /home/michael/Downloads/MESA/IR_Lock_firmware/irlock_firmware/src/device/gcc/pixy_m4/Release/libpixy_m4.a(chirp.o)
                0x10005e7e                Chirp::remoteInit(bool)
 *fill*         0x10005ece        0x2 ff
 .text._ZN5Chirp7setLinkEP4Link
                0x10005ed0       0x7c /home/michael/Downloads/MESA/IR_Lock_firmware/irlock_firmware/src/device/gcc/pixy_m4/Release/libpixy_m4.a(chirp.o)
                0x10005ed0                Chirp::setLink(Link*)
 .text._ZN5ChirpC2EbbP4Link
                0x10005f4c       0x70 /home/michael/Downloads/MESA/IR_Lock_firmware/irlock_firmware/src/device/gcc/pixy_m4/Release/libpixy_m4.a(chirp.o)
                0x10005f4c                Chirp::Chirp(bool, bool, Link*)
                0x10005f4c                Chirp::Chirp(bool, bool, Link*)
 .text._ZN5Chirp7serviceEb
                0x10005fbc       0x3e /home/michael/Downloads/MESA/IR_Lock_firmware/irlock_firmware/src/device/gcc/pixy_m4/Release/libpixy_m4.a(chirp.o)
                0x10005fbc                Chirp::service(bool)
 .text._ZN5Chirp7recvAckEPbt
                0x10005ffa       0x3c /home/michael/Downloads/MESA/IR_Lock_firmware/irlock_firmware/src/device/gcc/pixy_m4/Release/libpixy_m4.a(chirp.o)
                0x10005ffa                Chirp::recvAck(bool*, unsigned short)
 .text._ZN5Chirp8sendDataEv
                0x10006036       0xb0 /home/michael/Downloads/MESA/IR_Lock_firmware/irlock_firmware/src/device/gcc/pixy_m4/Release/libpixy_m4.a(chirp.o)
                0x10006036                Chirp::sendData()
 *fill*         0x100060e6        0x2 ff
 .text._ZN5Chirp10sendHeaderEhs
                0x100060e8       0xb8 /home/michael/Downloads/MESA/IR_Lock_firmware/irlock_firmware/src/device/gcc/pixy_m4/Release/libpixy_m4.a(chirp.o)
                0x100060e8                Chirp::sendHeader(unsigned char, short)
 .text._ZN5Chirp9sendChirpEhs
                0x100061a0       0x30 /home/michael/Downloads/MESA/IR_Lock_firmware/irlock_firmware/src/device/gcc/pixy_m4/Release/libpixy_m4.a(chirp.o)
                0x100061a0                Chirp::sendChirp(unsigned char, short)
 .text._Z17led_getMaxCurrentv
                0x100061d0       0x20 /home/michael/Downloads/MESA/IR_Lock_firmware/irlock_firmware/src/device/gcc/pixy_m4/Release/libpixy_m4.a(led.o)
                0x100061d0                led_getMaxCurrent()
 .text._Z10led_setPWMht
                0x100061f0       0x4c /home/michael/Downloads/MESA/IR_Lock_firmware/irlock_firmware/src/device/gcc/pixy_m4/Release/libpixy_m4.a(led.o)
                0x100061f0                led_setPWM(unsigned char, unsigned short)
 .text._Z7led_sethhb
                0x1000623c       0xbc /home/michael/Downloads/MESA/IR_Lock_firmware/irlock_firmware/src/device/gcc/pixy_m4/Release/libpixy_m4.a(led.o)
                0x1000623c                led_set(unsigned char, unsigned char, bool)
 .text._Z10led_setRGBRKhS0_S0_
                0x100062f8       0x28 /home/michael/Downloads/MESA/IR_Lock_firmware/irlock_firmware/src/device/gcc/pixy_m4/Release/libpixy_m4.a(led.o)
                0x100062f8                led_setRGB(unsigned char const&, unsigned char const&, unsigned char const&)
 .text._Z7led_setRKm
                0x10006320       0x2a /home/michael/Downloads/MESA/IR_Lock_firmware/irlock_firmware/src/device/gcc/pixy_m4/Release/libpixy_m4.a(led.o)
                0x10006320                led_set(unsigned long const&)
 *fill*         0x1000634a        0x2 ff
 .text._Z17led_setMaxCurrentRKm
                0x1000634c       0xfc /home/michael/Downloads/MESA/IR_Lock_firmware/irlock_firmware/src/device/gcc/pixy_m4/Release/libpixy_m4.a(led.o)
                0x1000634c                led_setMaxCurrent(unsigned long const&)
 .text._Z8led_initv
                0x10006448      0x104 /home/michael/Downloads/MESA/IR_Lock_firmware/irlock_firmware/src/device/gcc/pixy_m4/Release/libpixy_m4.a(led.o)
                0x10006448                led_init()
 .text.CGU_GetPCLKFrequency
                0x1000654c       0x7c /home/michael/Downloads/MESA/IR_Lock_firmware/irlock_firmware/src/device/gcc/pixy_m4/Release/libpixy_m4.a(lpc43xx_cgu.o)
                0x1000654c                CGU_GetPCLKFrequency
 .text.CGU_UpdateClock
                0x100065c8       0x94 /home/michael/Downloads/MESA/IR_Lock_firmware/irlock_firmware/src/device/gcc/pixy_m4/Release/libpixy_m4.a(lpc43xx_cgu.o)
                0x100065c8                CGU_UpdateClock
 .text.CGU_SetXTALOSC
                0x1000665c       0x3c /home/michael/Downloads/MESA/IR_Lock_firmware/irlock_firmware/src/device/gcc/pixy_m4/Release/libpixy_m4.a(lpc43xx_cgu.o)
                0x1000665c                CGU_SetXTALOSC
 .text.CGU_SetDIV
                0x10006698       0x38 /home/michael/Downloads/MESA/IR_Lock_firmware/irlock_firmware/src/device/gcc/pixy_m4/Release/libpixy_m4.a(lpc43xx_cgu.o)
                0x10006698                CGU_SetDIV
 .text.CGU_EnableEntity
                0x100066d0       0xc4 /home/michael/Downloads/MESA/IR_Lock_firmware/irlock_firmware/src/device/gcc/pixy_m4/Release/libpixy_m4.a(lpc43xx_cgu.o)
                0x100066d0                CGU_EnableEntity
 .text.CGU_EntityConnect
                0x10006794       0x74 /home/michael/Downloads/MESA/IR_Lock_firmware/irlock_firmware/src/device/gcc/pixy_m4/Release/libpixy_m4.a(lpc43xx_cgu.o)
                0x10006794                CGU_EntityConnect
 .text.CGU_SetPLL0
                0x10006808       0x2c /home/michael/Downloads/MESA/IR_Lock_firmware/irlock_firmware/src/device/gcc/pixy_m4/Release/libpixy_m4.a(lpc43xx_cgu.o)
                0x10006808                CGU_SetPLL0
 .text.CGU_SetPLL1
                0x10006834       0x7c /home/michael/Downloads/MESA/IR_Lock_firmware/irlock_firmware/src/device/gcc/pixy_m4/Release/libpixy_m4.a(lpc43xx_cgu.o)
                0x10006834                CGU_SetPLL1
 .text.CGU_Init
                0x100068b0       0x40 /home/michael/Downloads/MESA/IR_Lock_firmware/irlock_firmware/src/device/gcc/pixy_m4/Release/libpixy_m4.a(lpc43xx_cgu.o)
                0x100068b0                CGU_Init
 .text.scu_pinmux
                0x100068f0       0x14 /home/michael/Downloads/MESA/IR_Lock_firmware/irlock_firmware/src/device/gcc/pixy_m4/Release/libpixy_m4.a(lpc43xx_scu.o)
                0x100068f0                scu_pinmux
 .text.UART_Send.part.0
                0x10006904       0x3c /home/michael/Downloads/MESA/IR_Lock_firmware/irlock_firmware/src/device/gcc/pixy_m4/Release/libpixy_m4.a(lpc43xx_uart.o)
 .text.UART_setBaudRate
                0x10006940      0x13c /home/michael/Downloads/MESA/IR_Lock_firmware/irlock_firmware/src/device/gcc/pixy_m4/Release/libpixy_m4.a(lpc43xx_uart.o)
                0x10006940                UART_setBaudRate
 .text.UART_Init
                0x10006a7c      0x108 /home/michael/Downloads/MESA/IR_Lock_firmware/irlock_firmware/src/device/gcc/pixy_m4/Release/libpixy_m4.a(lpc43xx_uart.o)
                0x10006a7c                UART_Init
 .text.UART_ConfigStructInit
                0x10006b84       0x14 /home/michael/Downloads/MESA/IR_Lock_firmware/irlock_firmware/src/device/gcc/pixy_m4/Release/libpixy_m4.a(lpc43xx_uart.o)
                0x10006b84                UART_ConfigStructInit
 .text.UART_Send
                0x10006b98       0x4a /home/michael/Downloads/MESA/IR_Lock_firmware/irlock_firmware/src/device/gcc/pixy_m4/Release/libpixy_m4.a(lpc43xx_uart.o)
                0x10006b98                UART_Send
 *fill*         0x10006be2        0x2 ff
 .text.UART_TxCmd
                0x10006be4       0x34 /home/michael/Downloads/MESA/IR_Lock_firmware/irlock_firmware/src/device/gcc/pixy_m4/Release/libpixy_m4.a(lpc43xx_uart.o)
                0x10006be4                UART_TxCmd
 .text.delayus  0x10006c18       0x14 /home/michael/Downloads/MESA/IR_Lock_firmware/irlock_firmware/src/device/gcc/pixy_m4/Release/libpixy_m4.a(misc.o)
                0x10006c18                delayus
 .text.button   0x10006c2c       0x34 /home/michael/Downloads/MESA/IR_Lock_firmware/irlock_firmware/src/device/gcc/pixy_m4/Release/libpixy_m4.a(misc.o)
                0x10006c2c                button
 .text.adc_get  0x10006c60       0x48 /home/michael/Downloads/MESA/IR_Lock_firmware/irlock_firmware/src/device/gcc/pixy_m4/Release/libpixy_m4.a(misc.o)
                0x10006c60                adc_get
 .text.setTimer
                0x10006ca8        0xc /home/michael/Downloads/MESA/IR_Lock_firmware/irlock_firmware/src/device/gcc/pixy_m4/Release/libpixy_m4.a(misc.o)
                0x10006ca8                setTimer
 .text.getTimer
                0x10006cb4        0xc /home/michael/Downloads/MESA/IR_Lock_firmware/irlock_firmware/src/device/gcc/pixy_m4/Release/libpixy_m4.a(misc.o)
                0x10006cb4                getTimer
 .text.showError
                0x10006cc0       0x60 /home/michael/Downloads/MESA/IR_Lock_firmware/irlock_firmware/src/device/gcc/pixy_m4/Release/libpixy_m4.a(misc.o)
                0x10006cc0                showError
 .text._Z10prm_formatv
                0x10006d20       0x34 /home/michael/Downloads/MESA/IR_Lock_firmware/irlock_firmware/src/device/gcc/pixy_m4/Release/libpixy_m4.a(param.o)
                0x10006d20                prm_format()
 .text._Z11prm_getDescP11ParamRecord
                0x10006d54       0x10 /home/michael/Downloads/MESA/IR_Lock_firmware/irlock_firmware/src/device/gcc/pixy_m4/Release/libpixy_m4.a(param.o)
                0x10006d54                prm_getDesc(ParamRecord*)
 .text._Z11prm_getInfoPKcP5Chirp
                0x10006d64       0x68 /home/michael/Downloads/MESA/IR_Lock_firmware/irlock_firmware/src/device/gcc/pixy_m4/Release/libpixy_m4.a(param.o)
                0x10006d64                prm_getInfo(char const*, Chirp*)
 .text._Z17prm_getDataOffsetPK11ParamRecord
                0x10006dcc       0x26 /home/michael/Downloads/MESA/IR_Lock_firmware/irlock_firmware/src/device/gcc/pixy_m4/Release/libpixy_m4.a(param.o)
                0x10006dcc                prm_getDataOffset(ParamRecord const*)
 *fill*         0x10006df2        0x2 ff
 .text._Z10prm_getAllRKtP5Chirp
                0x10006df4       0xa0 /home/michael/Downloads/MESA/IR_Lock_firmware/irlock_firmware/src/device/gcc/pixy_m4/Release/libpixy_m4.a(param.o)
                0x10006df4                prm_getAll(unsigned short const&, Chirp*)
 .text._Z7prm_crcPK11ParamRecord
                0x10006e94       0x28 /home/michael/Downloads/MESA/IR_Lock_firmware/irlock_firmware/src/device/gcc/pixy_m4/Release/libpixy_m4.a(param.o)
                0x10006e94                prm_crc(ParamRecord const*)
 .text._Z8prm_findPKcPh
                0x10006ebc       0x4c /home/michael/Downloads/MESA/IR_Lock_firmware/irlock_firmware/src/device/gcc/pixy_m4/Release/libpixy_m4.a(param.o)
                0x10006ebc                prm_find(char const*, unsigned char*)
 .text._Z12prm_setChirpPKcRKmPKh
                0x10006f08       0x9c /home/michael/Downloads/MESA/IR_Lock_firmware/irlock_firmware/src/device/gcc/pixy_m4/Release/libpixy_m4.a(param.o)
                0x10006f08                prm_setChirp(char const*, unsigned long const&, unsigned char const*)
 .text._Z12prm_getChirpPKcP5Chirp
                0x10006fa4       0x38 /home/michael/Downloads/MESA/IR_Lock_firmware/irlock_firmware/src/device/gcc/pixy_m4/Release/libpixy_m4.a(param.o)
                0x10006fa4                prm_getChirp(char const*, Chirp*)
 .text._Z12prm_nextFreev
                0x10006fdc       0x30 /home/michael/Downloads/MESA/IR_Lock_firmware/irlock_firmware/src/device/gcc/pixy_m4/Release/libpixy_m4.a(param.o)
                0x10006fdc                prm_nextFree()
 .text._Z16prm_verifyRecordPK11ParamRecord
                0x1000700c       0x12 /home/michael/Downloads/MESA/IR_Lock_firmware/irlock_firmware/src/device/gcc/pixy_m4/Release/libpixy_m4.a(param.o)
                0x1000700c                prm_verifyRecord(ParamRecord const*)
 *fill*         0x1000701e        0x2 ff
 .text._Z13prm_verifyAllv
                0x10007020       0x3c /home/michael/Downloads/MESA/IR_Lock_firmware/irlock_firmware/src/device/gcc/pixy_m4/Release/libpixy_m4.a(param.o)
                0x10007020                prm_verifyAll()
 .text._Z8prm_initP5Chirp
                0x1000705c       0x24 /home/michael/Downloads/MESA/IR_Lock_firmware/irlock_firmware/src/device/gcc/pixy_m4/Release/libpixy_m4.a(param.o)
                0x1000705c                prm_init(Chirp*)
 .text._Z7prm_setPKcz
                0x10007080       0x38 /home/michael/Downloads/MESA/IR_Lock_firmware/irlock_firmware/src/device/gcc/pixy_m4/Release/libpixy_m4.a(param.o)
                0x10007080                prm_set(char const*, ...)
 .text._Z7prm_getPKcz
                0x100070b8       0x36 /home/michael/Downloads/MESA/IR_Lock_firmware/irlock_firmware/src/device/gcc/pixy_m4/Release/libpixy_m4.a(param.o)
                0x100070b8                prm_get(char const*, ...)
 .text._Z7prm_addPKcmS0_z
                0x100070ee       0xc2 /home/michael/Downloads/MESA/IR_Lock_firmware/irlock_firmware/src/device/gcc/pixy_m4/Release/libpixy_m4.a(param.o)
                0x100070ee                prm_add(char const*, unsigned long, char const*, ...)
 .text._Z9prm_dirtyv
                0x100071b0       0x10 /home/michael/Downloads/MESA/IR_Lock_firmware/irlock_firmware/src/device/gcc/pixy_m4/Release/libpixy_m4.a(param.o)
                0x100071b0                prm_dirty()
 .text._Z12prm_setDirtyb
                0x100071c0        0xc /home/michael/Downloads/MESA/IR_Lock_firmware/irlock_firmware/src/device/gcc/pixy_m4/Release/libpixy_m4.a(param.o)
                0x100071c0                prm_setDirty(bool)
 .text._Z7ADCInitv
                0x100071cc       0x24 /home/michael/Downloads/MESA/IR_Lock_firmware/irlock_firmware/src/device/gcc/pixy_m4/Release/libpixy_m4.a(pixy_init.o)
                0x100071cc                ADCInit()
 .text._Z7SCTInitv
                0x100071f0       0xde /home/michael/Downloads/MESA/IR_Lock_firmware/irlock_firmware/src/device/gcc/pixy_m4/Release/libpixy_m4.a(pixy_init.o)
                0x100071f0                SCTInit()
 *fill*         0x100072ce        0x2 ff
 .text._Z10CameraInitv
                0x100072d0       0x58 /home/michael/Downloads/MESA/IR_Lock_firmware/irlock_firmware/src/device/gcc/pixy_m4/Release/libpixy_m4.a(pixy_init.o)
                0x100072d0                CameraInit()
 .text._Z8GPIOInitv
                0x10007328       0x24 /home/michael/Downloads/MESA/IR_Lock_firmware/irlock_firmware/src/device/gcc/pixy_m4/Release/libpixy_m4.a(pixy_init.o)
                0x10007328                GPIOInit()
 .text._Z9timerInitv
                0x1000734c       0x20 /home/michael/Downloads/MESA/IR_Lock_firmware/irlock_firmware/src/device/gcc/pixy_m4/Release/libpixy_m4.a(pixy_init.o)
                0x1000734c                timerInit()
 .text._Z10commonInitv
                0x1000736c       0x2c /home/michael/Downloads/MESA/IR_Lock_firmware/irlock_firmware/src/device/gcc/pixy_m4/Release/libpixy_m4.a(pixy_init.o)
                0x1000736c                commonInit()
 .text._Z9handleAWBv
                0x10007398       0x48 /home/michael/Downloads/MESA/IR_Lock_firmware/irlock_firmware/src/device/gcc/pixy_m4/Release/libpixy_m4.a(pixy_init.o)
                0x10007398                handleAWB()
 .text._Z8periodicv
                0x100073e0       0x1c /home/michael/Downloads/MESA/IR_Lock_firmware/irlock_firmware/src/device/gcc/pixy_m4/Release/libpixy_m4.a(pixy_init.o)
                0x100073e0                periodic()
 .text._Z8pixyInitv
                0x100073fc       0x9c /home/michael/Downloads/MESA/IR_Lock_firmware/irlock_firmware/src/device/gcc/pixy_m4/Release/libpixy_m4.a(pixy_init.o)
                0x100073fc                pixyInit()
 .text._Z7cprintfPKcz
                0x10007498       0x34 /home/michael/Downloads/MESA/IR_Lock_firmware/irlock_firmware/src/device/gcc/pixy_m4/Release/libpixy_m4.a(pixy_init.o)
                0x10007498                cprintf(char const*, ...)
 .text.delayus.constprop.0
                0x100074cc       0x2c /home/michael/Downloads/MESA/IR_Lock_firmware/irlock_firmware/src/device/gcc/pixy_m4/Release/libpixy_m4.a(platform_config.o)
 .text.vIOInit  0x100074f8      0x234 /home/michael/Downloads/MESA/IR_Lock_firmware/irlock_firmware/src/device/gcc/pixy_m4/Release/libpixy_m4.a(platform_config.o)
                0x100074f8                vIOInit
 .text.clockInit
                0x1000772c      0x130 /home/michael/Downloads/MESA/IR_Lock_firmware/irlock_firmware/src/device/gcc/pixy_m4/Release/libpixy_m4.a(platform_config.o)
                0x1000772c                clockInit
 .text.platformInit
                0x1000785c       0x16 /home/michael/Downloads/MESA/IR_Lock_firmware/irlock_firmware/src/device/gcc/pixy_m4/Release/libpixy_m4.a(platform_config.o)
                0x1000785c                platformInit
 *fill*         0x10007872        0x2 ff
 .text._Z14pwr_USBpoweredv
                0x10007874       0x14 /home/michael/Downloads/MESA/IR_Lock_firmware/irlock_firmware/src/device/gcc/pixy_m4/Release/libpixy_m4.a(power.o)
                0x10007874                pwr_USBpowered()
 .text._Z10pwr_getVinv
                0x10007888       0x16 /home/michael/Downloads/MESA/IR_Lock_firmware/irlock_firmware/src/device/gcc/pixy_m4/Release/libpixy_m4.a(power.o)
                0x10007888                pwr_getVin()
 .text._Z9pwr_get5vv
                0x1000789e       0x12 /home/michael/Downloads/MESA/IR_Lock_firmware/irlock_firmware/src/device/gcc/pixy_m4/Release/libpixy_m4.a(power.o)
                0x1000789e                pwr_get5v()
 .text._Z11pwr_getVbusv
                0x100078b0       0x12 /home/michael/Downloads/MESA/IR_Lock_firmware/irlock_firmware/src/device/gcc/pixy_m4/Release/libpixy_m4.a(power.o)
                0x100078b0                pwr_getVbus()
 *fill*         0x100078c2        0x2 ff
 .text._Z8pwr_initv
                0x100078c4       0x48 /home/michael/Downloads/MESA/IR_Lock_firmware/irlock_firmware/src/device/gcc/pixy_m4/Release/libpixy_m4.a(power.o)
                0x100078c4                pwr_init()
 .text._Z10rcs_setPosRKhRKt
                0x1000790c       0x78 /home/michael/Downloads/MESA/IR_Lock_firmware/irlock_firmware/src/device/gcc/pixy_m4/Release/libpixy_m4.a(rcservo.o)
                0x1000790c                rcs_setPos(unsigned char const&, unsigned short const&)
 .text._Z10rcs_getPosRKh
                0x10007984       0x18 /home/michael/Downloads/MESA/IR_Lock_firmware/irlock_firmware/src/device/gcc/pixy_m4/Release/libpixy_m4.a(rcservo.o)
                0x10007984                rcs_getPos(unsigned char const&)
 .text._Z10rcs_enableRKhS0_
                0x1000799c       0x4a /home/michael/Downloads/MESA/IR_Lock_firmware/irlock_firmware/src/device/gcc/pixy_m4/Release/libpixy_m4.a(rcservo.o)
                0x1000799c                rcs_enable(unsigned char const&, unsigned char const&)
 *fill*         0x100079e6        0x2 ff
 .text._Z13rcs_setLimitsRKhRKsS2_
                0x100079e8       0x6c /home/michael/Downloads/MESA/IR_Lock_firmware/irlock_firmware/src/device/gcc/pixy_m4/Release/libpixy_m4.a(rcservo.o)
                0x100079e8                rcs_setLimits(unsigned char const&, short const&, short const&)
 .text._Z11rcs_setFreqRKt
                0x10007a54       0x30 /home/michael/Downloads/MESA/IR_Lock_firmware/irlock_firmware/src/device/gcc/pixy_m4/Release/libpixy_m4.a(rcservo.o)
                0x10007a54                rcs_setFreq(unsigned short const&)
 .text._Z14rcs_loadParamsv
                0x10007a84      0x104 /home/michael/Downloads/MESA/IR_Lock_firmware/irlock_firmware/src/device/gcc/pixy_m4/Release/libpixy_m4.a(rcservo.o)
                0x10007a84                rcs_loadParams()
 .text._Z8rcs_initv
                0x10007b88       0x70 /home/michael/Downloads/MESA/IR_Lock_firmware/irlock_firmware/src/device/gcc/pixy_m4/Release/libpixy_m4.a(rcservo.o)
                0x10007b88                rcs_init()
 .text._ZN5CSccb9PortWriteEhh.isra.0
                0x10007bf8       0x38 /home/michael/Downloads/MESA/IR_Lock_firmware/irlock_firmware/src/device/gcc/pixy_m4/Release/libpixy_m4.a(sccb.o)
 .text._ZN5CSccb5DriveEv.isra.1
                0x10007c30       0x24 /home/michael/Downloads/MESA/IR_Lock_firmware/irlock_firmware/src/device/gcc/pixy_m4/Release/libpixy_m4.a(sccb.o)
 .text._ZN5CSccb8TriStateEv.isra.2
                0x10007c54       0x24 /home/michael/Downloads/MESA/IR_Lock_firmware/irlock_firmware/src/device/gcc/pixy_m4/Release/libpixy_m4.a(sccb.o)
 .text._ZN5CSccb5StartEv.isra.3
                0x10007c78       0x22 /home/michael/Downloads/MESA/IR_Lock_firmware/irlock_firmware/src/device/gcc/pixy_m4/Release/libpixy_m4.a(sccb.o)
 .text._ZN5CSccb4StopEv.isra.4
                0x10007c9a       0x1a /home/michael/Downloads/MESA/IR_Lock_firmware/irlock_firmware/src/device/gcc/pixy_m4/Release/libpixy_m4.a(sccb.o)
 .text._ZN5CSccbC2Eh
                0x10007cb4       0x24 /home/michael/Downloads/MESA/IR_Lock_firmware/irlock_firmware/src/device/gcc/pixy_m4/Release/libpixy_m4.a(sccb.o)
                0x10007cb4                CSccb::CSccb(unsigned char)
                0x10007cb4                CSccb::CSccb(unsigned char)
 .text._ZN5CSccb5WriteEh
                0x10007cd8       0x68 /home/michael/Downloads/MESA/IR_Lock_firmware/irlock_firmware/src/device/gcc/pixy_m4/Release/libpixy_m4.a(sccb.o)
                0x10007cd8                CSccb::Write(unsigned char)
 .text._ZN5CSccb5WriteEhh
                0x10007d40       0x2c /home/michael/Downloads/MESA/IR_Lock_firmware/irlock_firmware/src/device/gcc/pixy_m4/Release/libpixy_m4.a(sccb.o)
                0x10007d40                CSccb::Write(unsigned char, unsigned char)
 .text._ZN5CSccb4ReadEh
                0x10007d6c       0x88 /home/michael/Downloads/MESA/IR_Lock_firmware/irlock_firmware/src/device/gcc/pixy_m4/Release/libpixy_m4.a(sccb.o)
                0x10007d6c                CSccb::Read(unsigned char)
 .text._ZN4Link8getFlagsEh
                0x10007df4        0xa /home/michael/Downloads/MESA/IR_Lock_firmware/irlock_firmware/src/device/gcc/pixy_m4/Release/libpixy_m4.a(smlink.o)
                0x10007df4                Link::getFlags(unsigned char)
 .text._ZN4Link9blockSizeEv
                0x10007dfe        0x4 /home/michael/Downloads/MESA/IR_Lock_firmware/irlock_firmware/src/device/gcc/pixy_m4/Release/libpixy_m4.a(smlink.o)
                0x10007dfe                Link::blockSize()
 .text._ZN4Link9getBufferEPPhPm
                0x10007e02        0x6 /home/michael/Downloads/MESA/IR_Lock_firmware/irlock_firmware/src/device/gcc/pixy_m4/Release/libpixy_m4.a(smlink.o)
                0x10007e02                Link::getBuffer(unsigned char**, unsigned long*)
 .text._ZN6SMLink4sendEPKhmt
                0x10007e08       0x38 /home/michael/Downloads/MESA/IR_Lock_firmware/irlock_firmware/src/device/gcc/pixy_m4/Release/libpixy_m4.a(smlink.o)
                0x10007e08                SMLink::send(unsigned char const*, unsigned long, unsigned short)
 .text._ZN6SMLink7receiveEPhmt
                0x10007e40       0x38 /home/michael/Downloads/MESA/IR_Lock_firmware/irlock_firmware/src/device/gcc/pixy_m4/Release/libpixy_m4.a(smlink.o)
                0x10007e40                SMLink::receive(unsigned char*, unsigned long, unsigned short)
 .text._ZN6SMLink8setTimerEv
                0x10007e78        0x6 /home/michael/Downloads/MESA/IR_Lock_firmware/irlock_firmware/src/device/gcc/pixy_m4/Release/libpixy_m4.a(smlink.o)
                0x10007e78                SMLink::setTimer()
 .text._ZN6SMLink8getTimerEv
                0x10007e7e        0x6 /home/michael/Downloads/MESA/IR_Lock_firmware/irlock_firmware/src/device/gcc/pixy_m4/Release/libpixy_m4.a(smlink.o)
                0x10007e7e                SMLink::getTimer()
 .text._ZN6SMLink8getFlagsEh
                0x10007e84       0x20 /home/michael/Downloads/MESA/IR_Lock_firmware/irlock_firmware/src/device/gcc/pixy_m4/Release/libpixy_m4.a(smlink.o)
                0x10007e84                SMLink::getFlags(unsigned char)
 .text._ZN6SMLinkC2Ev
                0x10007ea4       0x1c /home/michael/Downloads/MESA/IR_Lock_firmware/irlock_firmware/src/device/gcc/pixy_m4/Release/libpixy_m4.a(smlink.o)
                0x10007ea4                SMLink::SMLink()
                0x10007ea4                SMLink::SMLink()
 .text._ZN7USBLink4sendEPKhmt
                0x10007ec0       0x58 /home/michael/Downloads/MESA/IR_Lock_firmware/irlock_firmware/src/device/gcc/pixy_m4/Release/libpixy_m4.a(usblink.o)
                0x10007ec0                USBLink::send(unsigned char const*, unsigned long, unsigned short)
 .text._ZN7USBLink8setTimerEv
                0x10007f18        0x6 /home/michael/Downloads/MESA/IR_Lock_firmware/irlock_firmware/src/device/gcc/pixy_m4/Release/libpixy_m4.a(usblink.o)
                0x10007f18                USBLink::setTimer()
 .text._ZN7USBLink8getTimerEv
                0x10007f1e        0x6 /home/michael/Downloads/MESA/IR_Lock_firmware/irlock_firmware/src/device/gcc/pixy_m4/Release/libpixy_m4.a(usblink.o)
                0x10007f1e                USBLink::getTimer()
 .text._ZN7USBLink7receiveEPhmt
                0x10007f24       0xb0 /home/michael/Downloads/MESA/IR_Lock_firmware/irlock_firmware/src/device/gcc/pixy_m4/Release/libpixy_m4.a(usblink.o)
                0x10007f24                USBLink::receive(unsigned char*, unsigned long, unsigned short)
 .text._ZN7USBLinkC2Ev
                0x10007fd4       0x14 /home/michael/Downloads/MESA/IR_Lock_firmware/irlock_firmware/src/device/gcc/pixy_m4/Release/libpixy_m4.a(usblink.o)
                0x10007fd4                USBLink::USBLink()
                0x10007fd4                USBLink::USBLink()
 .text.USB_Reset_Event
                0x10007fe8        0x4 /home/michael/Downloads/MESA/IR_Lock_firmware/irlock_firmware/src/device/gcc/pixy_m4/Release/libpixy_m4.a(usbuser.o)
                0x10007fe8                USB_Reset_Event
 .text.USB_EndPoint1
                0x10007fec        0x2 /home/michael/Downloads/MESA/IR_Lock_firmware/irlock_firmware/src/device/gcc/pixy_m4/Release/libpixy_m4.a(usbuser.o)
                0x10007fec                USB_EndPoint1
 .text.USB_Configure_Event
                0x10007fee        0x2 /home/michael/Downloads/MESA/IR_Lock_firmware/irlock_firmware/src/device/gcc/pixy_m4/Release/libpixy_m4.a(usbuser.o)
                0x10007fee                USB_Configure_Event
 .text.USB_UserInit
                0x10007ff0       0x44 /home/michael/Downloads/MESA/IR_Lock_firmware/irlock_firmware/src/device/gcc/pixy_m4/Release/libpixy_m4.a(usbuser.o)
                0x10007ff0                USB_UserInit
 .text.USB_handleState
                0x10008034       0x38 /home/michael/Downloads/MESA/IR_Lock_firmware/irlock_firmware/src/device/gcc/pixy_m4/Release/libpixy_m4.a(usbuser.o)
                0x10008034                USB_handleState
 .text.sendChunk
                0x1000806c       0x58 /home/michael/Downloads/MESA/IR_Lock_firmware/irlock_firmware/src/device/gcc/pixy_m4/Release/libpixy_m4.a(usbuser.o)
                0x1000806c                sendChunk
 .text.recvChunk
                0x100080c4       0x58 /home/michael/Downloads/MESA/IR_Lock_firmware/irlock_firmware/src/device/gcc/pixy_m4/Release/libpixy_m4.a(usbuser.o)
                0x100080c4                recvChunk
 .text.USB_EndPoint2
                0x1000811c       0x12 /home/michael/Downloads/MESA/IR_Lock_firmware/irlock_firmware/src/device/gcc/pixy_m4/Release/libpixy_m4.a(usbuser.o)
                0x1000811c                USB_EndPoint2
 *fill*         0x1000812e        0x2 ff
 .text.USB_Send
                0x10008130       0x2c /home/michael/Downloads/MESA/IR_Lock_firmware/irlock_firmware/src/device/gcc/pixy_m4/Release/libpixy_m4.a(usbuser.o)
                0x10008130                USB_Send
 .text.USB_Recv
                0x1000815c       0x2c /home/michael/Downloads/MESA/IR_Lock_firmware/irlock_firmware/src/device/gcc/pixy_m4/Release/libpixy_m4.a(usbuser.o)
                0x1000815c                USB_Recv
 .text.USB_RecvReset
                0x10008188        0x6 /home/michael/Downloads/MESA/IR_Lock_firmware/irlock_firmware/src/device/gcc/pixy_m4/Release/libpixy_m4.a(usbuser.o)
                0x10008188                USB_RecvReset
 .text.USB_SendReset
                0x1000818e        0x6 /home/michael/Downloads/MESA/IR_Lock_firmware/irlock_firmware/src/device/gcc/pixy_m4/Release/libpixy_m4.a(usbuser.o)
                0x1000818e                USB_SendReset
 .text.UARTPutChar
                0x10008194       0x16 /home/michael/Downloads/MESA/IR_Lock_firmware/irlock_firmware/src/device/gcc/pixy_m4/Release/libpixy_m4.a(debug_frmwrk.o)
                0x10008194                UARTPutChar
 .text.UARTPuts
                0x100081aa       0x16 /home/michael/Downloads/MESA/IR_Lock_firmware/irlock_firmware/src/device/gcc/pixy_m4/Release/libpixy_m4.a(debug_frmwrk.o)
                0x100081aa                UARTPuts
 .text.lpc_printf
                0x100081c0       0x30 /home/michael/Downloads/MESA/IR_Lock_firmware/irlock_firmware/src/device/gcc/pixy_m4/Release/libpixy_m4.a(debug_frmwrk.o)
                0x100081c0                lpc_printf
 .text.debug_frmwrk_init_clk
                0x100081f0       0x2c /home/michael/Downloads/MESA/IR_Lock_firmware/irlock_firmware/src/device/gcc/pixy_m4/Release/libpixy_m4.a(debug_frmwrk.o)
                0x100081f0                debug_frmwrk_init_clk
 .text.fpuInit  0x1000821c       0x48 /home/michael/Downloads/MESA/IR_Lock_firmware/irlock_firmware/src/device/gcc/pixy_m4/Release/libpixy_m4.a(fpu_init.o)
                0x1000821c                fpuInit
 .text._mbxProcess
                0x10008264       0x18 /home/michael/Downloads/MESA/IR_Lock_firmware/irlock_firmware/src/device/gcc/pixy_m4/Release/libpixy_m4.a(ipc_mbx.o)
 .text.IPC_queryLocalMbx
                0x1000827c       0x10 /home/michael/Downloads/MESA/IR_Lock_firmware/irlock_firmware/src/device/gcc/pixy_m4/Release/libpixy_m4.a(ipc_mbx.o)
                0x1000827c                IPC_queryLocalMbx
 .text.IPC_haltSlave
                0x1000828c       0x2c /home/michael/Downloads/MESA/IR_Lock_firmware/irlock_firmware/src/device/gcc/pixy_m4/Release/libpixy_m4.a(ipc_mbx.o)
                0x1000828c                IPC_haltSlave
 .text.M0CORE_IRQHandler
                0x100082b8       0x30 /home/michael/Downloads/MESA/IR_Lock_firmware/irlock_firmware/src/device/gcc/pixy_m4/Release/libpixy_m4.a(ipc_mbx.o)
                0x100082b8                M0CORE_IRQHandler
 .text.ADC_Init
                0x100082e8       0x4c /home/michael/Downloads/MESA/IR_Lock_firmware/irlock_firmware/src/device/gcc/pixy_m4/Release/libpixy_m4.a(lpc43xx_adc.o)
                0x100082e8                ADC_Init
 .text.ADC_StartCmd
                0x10008334       0x12 /home/michael/Downloads/MESA/IR_Lock_firmware/irlock_firmware/src/device/gcc/pixy_m4/Release/libpixy_m4.a(lpc43xx_adc.o)
                0x10008334                ADC_StartCmd
 .text.ADC_IntConfig
                0x10008346       0x1a /home/michael/Downloads/MESA/IR_Lock_firmware/irlock_firmware/src/device/gcc/pixy_m4/Release/libpixy_m4.a(lpc43xx_adc.o)
                0x10008346                ADC_IntConfig
 .text.ADC_ChannelCmd
                0x10008360       0x18 /home/michael/Downloads/MESA/IR_Lock_firmware/irlock_firmware/src/device/gcc/pixy_m4/Release/libpixy_m4.a(lpc43xx_adc.o)
                0x10008360                ADC_ChannelCmd
 .text.ADC_ChannelGetData
                0x10008378        0xc /home/michael/Downloads/MESA/IR_Lock_firmware/irlock_firmware/src/device/gcc/pixy_m4/Release/libpixy_m4.a(lpc43xx_adc.o)
                0x10008378                ADC_ChannelGetData
 .text.ADC_ChannelGetStatus
                0x10008384       0x1a /home/michael/Downloads/MESA/IR_Lock_firmware/irlock_firmware/src/device/gcc/pixy_m4/Release/libpixy_m4.a(lpc43xx_adc.o)
                0x10008384                ADC_ChannelGetStatus
 *fill*         0x1000839e        0x2 ff
 .text.USB_ResetCore
                0x100083a0       0x3c /home/michael/Downloads/MESA/IR_Lock_firmware/irlock_firmware/src/device/gcc/pixy_m4/Release/libpixy_m4.a(usbcore.o)
                0x100083a0                USB_ResetCore
 .text.USB_SetupStage
                0x100083dc        0xc /home/michael/Downloads/MESA/IR_Lock_firmware/irlock_firmware/src/device/gcc/pixy_m4/Release/libpixy_m4.a(usbcore.o)
                0x100083dc                USB_SetupStage
 .text.USB_DataInStage
                0x100083e8       0x28 /home/michael/Downloads/MESA/IR_Lock_firmware/irlock_firmware/src/device/gcc/pixy_m4/Release/libpixy_m4.a(usbcore.o)
                0x100083e8                USB_DataInStage
 .text.USB_DataOutStage
                0x10008410       0x20 /home/michael/Downloads/MESA/IR_Lock_firmware/irlock_firmware/src/device/gcc/pixy_m4/Release/libpixy_m4.a(usbcore.o)
                0x10008410                USB_DataOutStage
 .text.USB_StatusInStage
                0x10008430        0xa /home/michael/Downloads/MESA/IR_Lock_firmware/irlock_firmware/src/device/gcc/pixy_m4/Release/libpixy_m4.a(usbcore.o)
                0x10008430                USB_StatusInStage
 *fill*         0x1000843a        0x2 ff
 .text.USB_StatusOutStage
                0x1000843c        0xc /home/michael/Downloads/MESA/IR_Lock_firmware/irlock_firmware/src/device/gcc/pixy_m4/Release/libpixy_m4.a(usbcore.o)
                0x1000843c                USB_StatusOutStage
 .text.USB_EndPoint0
                0x10008448      0x6ac /home/michael/Downloads/MESA/IR_Lock_firmware/irlock_firmware/src/device/gcc/pixy_m4/Release/libpixy_m4.a(usbcore.o)
                0x10008448                USB_EndPoint0
 .text.EPAdr    0x10008af4       0x10 /home/michael/Downloads/MESA/IR_Lock_firmware/irlock_firmware/src/device/gcc/pixy_m4/Release/libpixy_m4.a(usbhw.o)
                0x10008af4                EPAdr
 .text.USB_Connect
                0x10008b04       0x1c /home/michael/Downloads/MESA/IR_Lock_firmware/irlock_firmware/src/device/gcc/pixy_m4/Release/libpixy_m4.a(usbhw.o)
                0x10008b04                USB_Connect
 .text.USB_Reset
                0x10008b20      0x11c /home/michael/Downloads/MESA/IR_Lock_firmware/irlock_firmware/src/device/gcc/pixy_m4/Release/libpixy_m4.a(usbhw.o)
                0x10008b20                USB_Reset
 .text.USB_WakeUpCfg
                0x10008c3c        0x2 /home/michael/Downloads/MESA/IR_Lock_firmware/irlock_firmware/src/device/gcc/pixy_m4/Release/libpixy_m4.a(usbhw.o)
                0x10008c3c                USB_WakeUpCfg
 *fill*         0x10008c3e        0x2 ff
 .text.USB_SetAddress
                0x10008c40       0x1c /home/michael/Downloads/MESA/IR_Lock_firmware/irlock_firmware/src/device/gcc/pixy_m4/Release/libpixy_m4.a(usbhw.o)
                0x10008c40                USB_SetAddress
 .text.USB_Init
                0x10008c5c       0x94 /home/michael/Downloads/MESA/IR_Lock_firmware/irlock_firmware/src/device/gcc/pixy_m4/Release/libpixy_m4.a(usbhw.o)
                0x10008c5c                USB_Init
 .text.USB_SetTestMode
                0x10008cf0       0x24 /home/michael/Downloads/MESA/IR_Lock_firmware/irlock_firmware/src/device/gcc/pixy_m4/Release/libpixy_m4.a(usbhw.o)
                0x10008cf0                USB_SetTestMode
 .text.USB_Configure
                0x10008d14        0x2 /home/michael/Downloads/MESA/IR_Lock_firmware/irlock_firmware/src/device/gcc/pixy_m4/Release/libpixy_m4.a(usbhw.o)
                0x10008d14                USB_Configure
 *fill*         0x10008d16        0x2 ff
 .text.USB_ConfigEP
                0x10008d18       0x84 /home/michael/Downloads/MESA/IR_Lock_firmware/irlock_firmware/src/device/gcc/pixy_m4/Release/libpixy_m4.a(usbhw.o)
                0x10008d18                USB_ConfigEP
 .text.USB_DirCtrlEP
                0x10008d9c        0x2 /home/michael/Downloads/MESA/IR_Lock_firmware/irlock_firmware/src/device/gcc/pixy_m4/Release/libpixy_m4.a(usbhw.o)
                0x10008d9c                USB_DirCtrlEP
 *fill*         0x10008d9e        0x2 ff
 .text.USB_EnableEP
                0x10008da0       0x44 /home/michael/Downloads/MESA/IR_Lock_firmware/irlock_firmware/src/device/gcc/pixy_m4/Release/libpixy_m4.a(usbhw.o)
                0x10008da0                USB_EnableEP
 .text.USB_DisableEP
                0x10008de4       0x48 /home/michael/Downloads/MESA/IR_Lock_firmware/irlock_firmware/src/device/gcc/pixy_m4/Release/libpixy_m4.a(usbhw.o)
                0x10008de4                USB_DisableEP
 .text.USB_ResetEP
                0x10008e2c       0x4c /home/michael/Downloads/MESA/IR_Lock_firmware/irlock_firmware/src/device/gcc/pixy_m4/Release/libpixy_m4.a(usbhw.o)
                0x10008e2c                USB_ResetEP
 .text.USB_SetStallEP
                0x10008e78       0x24 /home/michael/Downloads/MESA/IR_Lock_firmware/irlock_firmware/src/device/gcc/pixy_m4/Release/libpixy_m4.a(usbhw.o)
                0x10008e78                USB_SetStallEP
 .text.USB_ClrStallEP
                0x10008e9c       0x2c /home/michael/Downloads/MESA/IR_Lock_firmware/irlock_firmware/src/device/gcc/pixy_m4/Release/libpixy_m4.a(usbhw.o)
                0x10008e9c                USB_ClrStallEP
 .text.USB_ProgDTD
                0x10008ec8       0x98 /home/michael/Downloads/MESA/IR_Lock_firmware/irlock_firmware/src/device/gcc/pixy_m4/Release/libpixy_m4.a(usbhw.o)
                0x10008ec8                USB_ProgDTD
 .text.USB_ReadSetupPkt
                0x10008f60       0x68 /home/michael/Downloads/MESA/IR_Lock_firmware/irlock_firmware/src/device/gcc/pixy_m4/Release/libpixy_m4.a(usbhw.o)
                0x10008f60                USB_ReadSetupPkt
 .text.USB_ReadReqEP
                0x10008fc8       0x48 /home/michael/Downloads/MESA/IR_Lock_firmware/irlock_firmware/src/device/gcc/pixy_m4/Release/libpixy_m4.a(usbhw.o)
                0x10008fc8                USB_ReadReqEP
 .text.USB_ReadEP
                0x10009010       0x2c /home/michael/Downloads/MESA/IR_Lock_firmware/irlock_firmware/src/device/gcc/pixy_m4/Release/libpixy_m4.a(usbhw.o)
                0x10009010                USB_ReadEP
 .text.USB_WriteEP
                0x1000903c       0x40 /home/michael/Downloads/MESA/IR_Lock_firmware/irlock_firmware/src/device/gcc/pixy_m4/Release/libpixy_m4.a(usbhw.o)
                0x1000903c                USB_WriteEP
 .text.USB0_IRQHandler
                0x1000907c      0x164 /home/michael/Downloads/MESA/IR_Lock_firmware/irlock_firmware/src/device/gcc/pixy_m4/Release/libpixy_m4.a(usbhw.o)
                0x1000907c                USB0_IRQHandler
 .text          0x100091e0      0x370 /usr/local/lpcxpresso_8.2.2_650/lpcxpresso/tools/bin/../lib/gcc/arm-none-eabi/5.4.1/armv7e-m/softfp/libgcc.a(_arm_addsubdf3.o)
                0x100091e0                __aeabi_drsub
                0x100091e8                __aeabi_dsub
                0x100091e8                __subdf3
                0x100091ec                __adddf3
                0x100091ec                __aeabi_dadd
                0x10009464                __aeabi_ui2d
                0x10009464                __floatunsidf
                0x10009484                __floatsidf
                0x10009484                __aeabi_i2d
                0x100094a8                __extendsfdf2
                0x100094a8                __aeabi_f2d
                0x100094e4                __aeabi_ul2d
                0x100094e4                __floatundidf
                0x100094f4                __floatdidf
                0x100094f4                __aeabi_l2d
 .text          0x10009550      0x424 /usr/local/lpcxpresso_8.2.2_650/lpcxpresso/tools/bin/../lib/gcc/arm-none-eabi/5.4.1/armv7e-m/softfp/libgcc.a(_arm_muldivdf3.o)
                0x10009550                __aeabi_dmul
                0x10009550                __muldf3
                0x100097a4                __aeabi_ddiv
                0x100097a4                __divdf3
 .text          0x10009974       0x40 /usr/local/lpcxpresso_8.2.2_650/lpcxpresso/tools/bin/../lib/gcc/arm-none-eabi/5.4.1/armv7e-m/softfp/libgcc.a(_arm_fixunsdfsi.o)
                0x10009974                __fixunsdfsi
                0x10009974                __aeabi_d2uiz
 .text          0x100099b4       0xa0 /usr/local/lpcxpresso_8.2.2_650/lpcxpresso/tools/bin/../lib/gcc/arm-none-eabi/5.4.1/armv7e-m/softfp/libgcc.a(_arm_truncdfsf2.o)
                0x100099b4                __aeabi_d2f
                0x100099b4                __truncdfsf2
 .text          0x10009a54       0x30 /usr/local/lpcxpresso_8.2.2_650/lpcxpresso/tools/bin/../lib/gcc/arm-none-eabi/5.4.1/armv7e-m/softfp/libgcc.a(_aeabi_uldivmod.o)
                0x10009a54                __aeabi_uldivmod
 .text          0x10009a84      0x2e4 /usr/local/lpcxpresso_8.2.2_650/lpcxpresso/tools/bin/../lib/gcc/arm-none-eabi/5.4.1/armv7e-m/softfp/libgcc.a(_udivmoddi4.o)
                0x10009a84                __udivmoddi4
 .text          0x10009d68        0x4 /usr/local/lpcxpresso_8.2.2_650/lpcxpresso/tools/bin/../lib/gcc/arm-none-eabi/5.4.1/armv7e-m/softfp/libgcc.a(_dvmd_tls.o)
                0x10009d68                __aeabi_ldiv0
                0x10009d68                __aeabi_idiv0
 .text.abs      0x10009d6c        0x8 /usr/local/lpcxpresso_8.2.2_650/lpcxpresso/tools/bin/../lib/gcc/arm-none-eabi/5.4.1/../../../../arm-none-eabi/lib/armv7e-m/softfp/libc.a(lib_a-abs.o)
                0x10009d6c                abs
 .text.__aeabi_memcpy
                0x10009d74        0x4 /usr/local/lpcxpresso_8.2.2_650/lpcxpresso/tools/bin/../lib/gcc/arm-none-eabi/5.4.1/../../../../arm-none-eabi/lib/armv7e-m/softfp/libc.a(lib_a-aeabi_memcpy.o)
                0x10009d74                __aeabi_memcpy
                0x10009d74                __aeabi_memcpy4
                0x10009d74                __aeabi_memcpy8
 .text.__libc_init_array
                0x10009d78       0x50 /usr/local/lpcxpresso_8.2.2_650/lpcxpresso/tools/bin/../lib/gcc/arm-none-eabi/5.4.1/../../../../arm-none-eabi/lib/armv7e-m/softfp/libc.a(lib_a-init.o)
                0x10009d78                __libc_init_array
 .text.malloc   0x10009dc8       0x10 /usr/local/lpcxpresso_8.2.2_650/lpcxpresso/tools/bin/../lib/gcc/arm-none-eabi/5.4.1/../../../../arm-none-eabi/lib/armv7e-m/softfp/libc.a(lib_a-malloc.o)
                0x10009dc8                malloc
 .text.free     0x10009dd8       0x10 /usr/local/lpcxpresso_8.2.2_650/lpcxpresso/tools/bin/../lib/gcc/arm-none-eabi/5.4.1/../../../../arm-none-eabi/lib/armv7e-m/softfp/libc.a(lib_a-malloc.o)
                0x10009dd8                free
 .text._malloc_r
                0x10009de8      0x570 /usr/local/lpcxpresso_8.2.2_650/lpcxpresso/tools/bin/../lib/gcc/arm-none-eabi/5.4.1/../../../../arm-none-eabi/lib/armv7e-m/softfp/libc.a(lib_a-mallocr.o)
                0x10009de8                _malloc_r
 .text          0x1000a358      0x134 /usr/local/lpcxpresso_8.2.2_650/lpcxpresso/tools/bin/../lib/gcc/arm-none-eabi/5.4.1/../../../../arm-none-eabi/lib/armv7e-m/softfp/libc.a(lib_a-memcpy.o)
                0x1000a358                memcpy
 .text.memset   0x1000a48c       0x9c /usr/local/lpcxpresso_8.2.2_650/lpcxpresso/tools/bin/../lib/gcc/arm-none-eabi/5.4.1/../../../../arm-none-eabi/lib/armv7e-m/softfp/libc.a(lib_a-memset.o)
                0x1000a48c                memset
 .text.__malloc_lock
                0x1000a528        0x4 /usr/local/lpcxpresso_8.2.2_650/lpcxpresso/tools/bin/../lib/gcc/arm-none-eabi/5.4.1/../../../../arm-none-eabi/lib/armv7e-m/softfp/libc.a(lib_a-mlock.o)
                0x1000a528                __malloc_lock
 .text.__malloc_unlock
                0x1000a52c        0x4 /usr/local/lpcxpresso_8.2.2_650/lpcxpresso/tools/bin/../lib/gcc/arm-none-eabi/5.4.1/../../../../arm-none-eabi/lib/armv7e-m/softfp/libc.a(lib_a-mlock.o)
                0x1000a52c                __malloc_unlock
 .text._sbrk_r  0x1000a530       0x24 /usr/local/lpcxpresso_8.2.2_650/lpcxpresso/tools/bin/../lib/gcc/arm-none-eabi/5.4.1/../../../../arm-none-eabi/lib/armv7e-m/softfp/libc.a(lib_a-sbrkr.o)
                0x1000a530                _sbrk_r
 .text.sprintf  0x1000a554       0x4c /usr/local/lpcxpresso_8.2.2_650/lpcxpresso/tools/bin/../lib/gcc/arm-none-eabi/5.4.1/../../../../arm-none-eabi/lib/armv7e-m/softfp/libc.a(lib_a-sprintf.o)
                0x1000a554                sprintf
 .text          0x1000a5a0      0x2dc /usr/local/lpcxpresso_8.2.2_650/lpcxpresso/tools/bin/../lib/gcc/arm-none-eabi/5.4.1/../../../../arm-none-eabi/lib/armv7e-m/softfp/libc.a(lib_a-strcmp.o)
                0x1000a5a8                strcmp
 .text.strcpy   0x1000a87c       0xbc /usr/local/lpcxpresso_8.2.2_650/lpcxpresso/tools/bin/../lib/gcc/arm-none-eabi/5.4.1/../../../../arm-none-eabi/lib/armv7e-m/softfp/libc.a(lib_a-strcpy.o)
                0x1000a87c                strcpy
 *fill*         0x1000a938        0x8 ff
 .text          0x1000a940       0xdc /usr/local/lpcxpresso_8.2.2_650/lpcxpresso/tools/bin/../lib/gcc/arm-none-eabi/5.4.1/../../../../arm-none-eabi/lib/armv7e-m/softfp/libc.a(lib_a-strlen.o)
                0x1000a940                strlen
 *fill*         0x1000aa1c        0x4 ff
 .text._svfprintf_r
                0x1000aa20     0x16e0 /usr/local/lpcxpresso_8.2.2_650/lpcxpresso/tools/bin/../lib/gcc/arm-none-eabi/5.4.1/../../../../arm-none-eabi/lib/armv7e-m/softfp/libc.a(lib_a-svfprintf.o)
                0x1000aa20                _svfprintf_r
 .text._vsprintf_r
                0x1000c100       0x34 /usr/local/lpcxpresso_8.2.2_650/lpcxpresso/tools/bin/../lib/gcc/arm-none-eabi/5.4.1/../../../../arm-none-eabi/lib/armv7e-m/softfp/libc.a(lib_a-vsprintf.o)
                0x1000c100                _vsprintf_r
 .text.vsprintf
                0x1000c134       0x18 /usr/local/lpcxpresso_8.2.2_650/lpcxpresso/tools/bin/../lib/gcc/arm-none-eabi/5.4.1/../../../../arm-none-eabi/lib/armv7e-m/softfp/libc.a(lib_a-vsprintf.o)
                0x1000c134                vsprintf
 .text.quorem   0x1000c14c      0x128 /usr/local/lpcxpresso_8.2.2_650/lpcxpresso/tools/bin/../lib/gcc/arm-none-eabi/5.4.1/../../../../arm-none-eabi/lib/armv7e-m/softfp/libc.a(lib_a-dtoa.o)
 *fill*         0x1000c274        0x4 ff
 .text._dtoa_r  0x1000c278      0xe2c /usr/local/lpcxpresso_8.2.2_650/lpcxpresso/tools/bin/../lib/gcc/arm-none-eabi/5.4.1/../../../../arm-none-eabi/lib/armv7e-m/softfp/libc.a(lib_a-dtoa.o)
                0x1000c278                _dtoa_r
 .text._malloc_trim_r