15:57:17 **** Incremental Build of configuration Release for project pixy_m0 ****
make -r all 
make: Nothing to be done for `all'.
15:57:17 **** Incremental Build of configuration Release for project m0 ****
make -r all 
make: Nothing to be done for `all'.
15:57:18 **** Incremental Build of configuration Release for project pixy_m4 ****
make -r all 
make: Nothing to be done for `all'.
15:57:18 **** Incremental Build of configuration Release for project video ****
make -r all 
Building target: video.axf
Invoking: MCU C++ Linker
arm-none-eabi-c++ -nostdlib -L"/home/michael/Downloads/MESA/IR_Lock_firmware/irlock_firmware/src/device/gcc/video/src" -L"/home/michael/Downloads/MESA/IR_Lock_firmware/irlock_firmware/src/device/gcc/pixy_m4/Release" -Xlinker -Map="video.map" -Xlinker --gc-sections -mcpu=cortex-m4 -mfpu=fpv4-sp-d16 -mfloat-abi=softfp -mthumb -T video_Release.ld -o "video.axf"  ./src/analogdig.o ./src/blob.o ./src/blobs.o ./src/button.o ./src/colorlut.o ./src/conncomp.o ./src/cr_cpp_config.o ./src/cr_start_m0.o ./src/cr_startup_lpc43xx.o ./src/crp.o ./src/exec.o ./src/flash.o ./src/i2c.o ./src/lpc43xx_i2c.o ./src/main_m4.o ./src/progblobs.o ./src/progpt.o ./src/progvideo.o ./src/qqueue.o ./src/serial.o ./src/spi.o ./src/system_LPC43xx.o ./src/uart.o  /home/michael/Downloads/MESA/IR_Lock_firmware/irlock_firmware/src/device/gcc/m0/Release/m0.axf.o -lfalcon_m4_spifi_drv -lpixy_m4
/usr/local/lpcxpresso_8.2.2_650/lpcxpresso/tools/bin/../lib/gcc/arm-none-eabi/5.4.1/../../../../arm-none-eabi/bin/ld: warning: /home/michael/Downloads/MESA/IR_Lock_firmware/irlock_firmware/src/device/gcc/video/src/libfalcon_m4_spifi_drv.a(spifi_rom_api.o) uses 2-byte wchar_t yet the output is to use 4-byte wchar_t; use of wchar_t values across objects may fail
/usr/local/lpcxpresso_8.2.2_650/lpcxpresso/tools/bin/../lib/gcc/arm-none-eabi/5.4.1/../../../../arm-none-eabi/bin/ld: warning: /home/michael/Downloads/MESA/IR_Lock_firmware/irlock_firmware/src/device/gcc/video/src/libfalcon_m4_spifi_drv.a(falcon_details.o) uses 2-byte wchar_t yet the output is to use 4-byte wchar_t; use of wchar_t values across objects may fail
Finished building target: video.axf
 
/usr/local/lpcxpresso_8.2.2_650/lpcxpresso/tools/bin/../lib/gcc/arm-none-eabi/5.4.1/../../../../arm-none-eabi/bin/ld: warning: /home/michael/Downloads/MESA/IR_Lock_firmware/irlock_firmware/src/device/gcc/video/src/libfalcon_m4_spifi_drv.a(amic.o) uses 2-byte wchar_t yet the output is to use 4-byte wchar_t; use of wchar_t values across objects may fail
make --no-print-directory post-build
Performing post-build steps
/usr/local/lpcxpresso_8.2.2_650/lpcxpresso/tools/bin/../lib/gcc/arm-none-eabi/5.4.1/../../../../arm-none-eabi/bin/ld: warning: /home/michael/Downloads/MESA/IR_Lock_firmware/irlock_firmware/src/device/gcc/video/src/libfalcon_m4_spifi_drv.a(atmel.o) uses 2-byte wchar_t yet the output is to use 4-byte wchar_t; use of wchar_t values across objects may fail
arm-none-eabi-size "video.axf" ; arm-none-eabi-objcopy -v -O binary "video.axf" "video.bin" ; checksum -p LPC4330 -d "video.bin" ; arm-none-eabi-objcopy -I binary -O ihex video.bin video.hex
   text	   data	    bss	    dec	    hex	filename
/usr/local/lpcxpresso_8.2.2_650/lpcxpresso/tools/bin/../lib/gcc/arm-none-eabi/5.4.1/../../../../arm-none-eabi/bin/ld: warning: /home/michael/Downloads/MESA/IR_Lock_firmware/irlock_firmware/src/device/gcc/video/src/libfalcon_m4_spifi_drv.a(chi.o) uses 2-byte wchar_t yet the output is to use 4-byte wchar_t; use of wchar_t values across objects may fail
/usr/local/lpcxpresso_8.2.2_650/lpcxpresso/tools/bin/../lib/gcc/arm-none-eabi/5.4.1/../../../../arm-none-eabi/bin/ld: warning: /home/michael/Downloads/MESA/IR_Lock_firmware/irlock_firmware/src/device/gcc/video/src/libfalcon_m4_spifi_drv.a(eon.o) uses 2-byte wchar_t yet the output is to use 4-byte wchar_t; use of wchar_t values across objects may fail
/usr/local/lpcxpresso_8.2.2_650/lpcxpresso/tools/bin/../lib/gcc/arm-none-eabi/5.4.1/../../../../arm-none-eabi/bin/ld: warning: /home/michael/Downloads/MESA/IR_Lock_firmware/irlock_firmware/src/device/gcc/video/src/libfalcon_m4_spifi_drv.a(esmt.o) uses 2-byte wchar_t yet the output is to use 4-byte wchar_t; use of wchar_t values across objects may fail
/usr/local/lpcxpresso_8.2.2_650/lpcxpresso/tools/bin/../lib/gcc/arm-none-eabi/5.4.1/../../../../arm-none-eabi/bin/ld: warning: /home/michael/Downloads/MESA/IR_Lock_firmware/irlock_firmware/src/device/gcc/video/src/libfalcon_m4_spifi_drv.a(giga.o) uses 2-byte wchar_t yet the output is to use 4-byte wchar_t; use of wchar_t values across objects may fail
/usr/local/lpcxpresso_8.2.2_650/lpcxpresso/tools/bin/../lib/gcc/arm-none-eabi/5.4.1/../../../../arm-none-eabi/bin/ld: warning: /home/michael/Downloads/MESA/IR_Lock_firmware/irlock_firmware/src/device/gcc/video/src/libfalcon_m4_spifi_drv.a(macronix.o) uses 2-byte wchar_t yet the output is to use 4-byte wchar_t; use of wchar_t values across objects may fail
  98368	   2312	   2884	 103564	  1948c	video.axf
/usr/local/lpcxpresso_8.2.2_650/lpcxpresso/tools/bin/../lib/gcc/arm-none-eabi/5.4.1/../../../../arm-none-eabi/bin/ld: warning: /home/michael/Downloads/MESA/IR_Lock_firmware/irlock_firmware/src/device/gcc/video/src/libfalcon_m4_spifi_drv.a(numonyx.o) uses 2-byte wchar_t yet the output is to use 4-byte wchar_t; use of wchar_t values across objects may fail
copy from `video.axf' [elf32-littlearm] to `video.bin' [binary]
/usr/local/lpcxpresso_8.2.2_650/lpcxpresso/tools/bin/../lib/gcc/arm-none-eabi/5.4.1/../../../../arm-none-eabi/bin/ld: warning: /home/michael/Downloads/MESA/IR_Lock_firmware/irlock_firmware/src/device/gcc/video/src/libfalcon_m4_spifi_drv.a(spansion.o) uses 2-byte wchar_t yet the output is to use 4-byte wchar_t; use of wchar_t values across objects may fail
/usr/local/lpcxpresso_8.2.2_650/lpcxpresso/tools/bin/../lib/gcc/arm-none-eabi/5.4.1/../../../../arm-none-eabi/bin/ld: warning: /home/michael/Downloads/MESA/IR_Lock_firmware/irlock_firmware/src/device/gcc/video/src/libfalcon_m4_spifi_drv.a(sst.o) uses 2-byte wchar_t yet the output is to use 4-byte wchar_t; use of wchar_t values across objects may fail
Written checksum 0x7fff5a02 at offset 0x1c in file video.bin
Previous value 0x00000000 at offset 0x1c in file video.bin
/usr/local/lpcxpresso_8.2.2_650/lpcxpresso/tools/bin/../lib/gcc/arm-none-eabi/5.4.1/../../../../arm-none-eabi/bin/ld: warning: /home/michael/Downloads/MESA/IR_Lock_firmware/irlock_firmware/src/device/gcc/video/src/libfalcon_m4_spifi_drv.a(winbond.o) uses 2-byte wchar_t yet the output is to use 4-byte wchar_t; use of wchar_t values across objects may fail
 
